<html>
<body>
<pre>
<h1>µVision Build Log</h1>
<h2>Tool Versions:</h2>
IDE-Version: ¦ÌVision V5.37.0.0
Copyright (C) 2022 ARM Ltd and ARM Germany GmbH. All rights reserved.
License Information: HP HP, HP Inc., LIC=VGXG8-3DUXZ-NN3AF-63Y1J-BBKKY-R4EVV
 
Tool Versions:
Toolchain:       MDK-ARM Plus  Version: 5.37.0.0
Toolchain Path:  E:\Keil_v5\ARM\ARMCC\Bin
C Compiler:      Armcc.exe V5.06 update 3 (build 300)
Assembler:       Armasm.exe V5.06 update 3 (build 300)
Linker/Locator:  ArmLink.exe V5.06 update 3 (build 300)
Library Manager: ArmAr.exe V5.06 update 3 (build 300)
Hex Converter:   FromElf.exe V5.06 update 3 (build 300)
CPU DLL:         SARMCM3.DLL V5.37.0.0
Dialog DLL:      DCM.DLL V1.17.5.0
Target DLL:      UL2CM3.DLL V1.164.7.0
Dialog DLL:      TCM.DLL V1.56.1.0
 
<h2>Project:</h2>
D:\Users\Desktop\Study\MySTM\FUN\MH-AMS\Software\MH-AMS_WorkBench\project\MDK_V5\MH-AMS_WorkBench.uvprojx
Project File Date:  12/19/2024

<h2>Output:</h2>
*** Using Compiler 'V5.06 update 3 (build 300)', folder: 'E:\Keil_v5\ARM\ARMCC\Bin'
Build target 'MH-AMS_WorkBench'
compiling at32f421_gpio.c...
compiling main.c...
compiling system_at32f421.c...
compiling at32f421_misc.c...
compiling at32f421_int.c...
compiling wk_system.c...
compiling at32f421_pwc.c...
compiling at32f421_flash.c...
compiling at32f421_tmr.c...
compiling at32f421_debug.c...
compiling at32f421_usart.c...
compiling at32f421_wk_config.c...
compiling delay.c...
compiling at32f421_crm.c...
compiling flash.c...
assembling startup_at32f421.s...
compiling FIFO_buffer.c...
compiling CRC8.cpp...
compiling CrcFastReverse.cpp...
compiling CRC16.cpp...
compiling MyiiC.c...
compiling AS5600.cpp...
..\..\middlewares\AS5600\AS5600.cpp(36): warning:  #177-D: variable "AS5600_I2CADDR" was declared but never referenced
  const uint8_t AS5600_I2CADDR   = 0x20;
..\..\middlewares\AS5600\AS5600.cpp(37): warning:  #177-D: variable "AS5600_I2CUPDT" was declared but never referenced
  const uint8_t AS5600_I2CUPDT   = 0x21;
..\..\middlewares\AS5600\AS5600.cpp(43): warning:  #177-D: variable "AS5600_BURN" was declared but never referenced
  const uint8_t AS5600_BURN      = 0xFF;
..\..\middlewares\AS5600\AS5600.cpp: 3 warnings, 0 errors
compiling time64.cpp...
compiling AMCU.cpp...
compiling BambuBus.cpp...
..\..\middlewares\dp_ams\BambuBus.cpp(504): warning:  #177-D: variable "fliment_motion_flag" was declared but never referenced
      unsigned char fliment_motion_flag = buf[8];
..\..\middlewares\dp_ams\BambuBus.cpp(806): warning:  #177-D: variable "AMS_num" was declared but never referenced
      uint8_t AMS_num;
..\..\middlewares\dp_ams\BambuBus.cpp(936): warning:  #550-D: variable "long_packge_version_serial_number" was set but never used
      unsigned char *long_packge_version_serial_number;
..\..\middlewares\dp_ams\BambuBus.cpp: 3 warnings, 0 errors
compiling USB_debug.cpp...
linking...
Program Size: Code=13438 RO-data=318 RW-data=740 ZI-data=5876  
FromELF: creating hex file...
".\objects\DP-AMS_WorkBench.axf" - 0 Error(s), 6 Warning(s).

<h2>Software Packages used:</h2>

Package Vendor: ArteryTek
                
                ArteryTek.AT32F421_DFP.2.1.7
                ArteryTek AT32F421 Series Device Support,Drivers

<h2>Collection of Component include folders:</h2>
  E:/Keil_v5/ARM/PACK/ArteryTek/AT32F421_DFP/2.1.7/Device/Include

<h2>Collection of Component Files used:</h2>
Build Time Elapsed:  00:00:04
</pre>
</body>
</html>
