Component: ARM Compiler 5.06 update 3 (build 300) Tool: armlink [4d35c9]

==============================================================================

Section Cross References

    at32f421_int.o(.ARM.exidx) refers to at32f421_int.o(i.NMI_Handler) for i.NMI_Handler
    at32f421_int.o(.ARM.exidx) refers to at32f421_int.o(i.HardFault_Handler) for i.HardFault_Handler
    at32f421_int.o(.ARM.exidx) refers to at32f421_int.o(i.MemManage_Handler) for i.MemManage_Handler
    at32f421_int.o(.ARM.exidx) refers to at32f421_int.o(i.BusFault_Handler) for i.BusFault_Handler
    at32f421_int.o(.ARM.exidx) refers to at32f421_int.o(i.UsageFault_Handler) for i.UsageFault_Handler
    at32f421_int.o(.ARM.exidx) refers to at32f421_int.o(i.SVC_Handler) for i.SVC_Handler
    at32f421_int.o(.ARM.exidx) refers to at32f421_int.o(i.DebugMon_Handler) for i.DebugMon_Handler
    at32f421_int.o(.ARM.exidx) refers to at32f421_int.o(i.PendSV_Handler) for i.PendSV_Handler
    at32f421_int.o(.ARM.exidx) refers to at32f421_int.o(i.SysTick_Handler) for i.SysTick_Handler
    at32f421_int.o(.ARM.exidx) refers to at32f421_int.o(i.TMR1_BRK_OVF_TRG_HALL_IRQHandler) for i.TMR1_BRK_OVF_TRG_HALL_IRQHandler
    at32f421_int.o(.ARM.exidx) refers to at32f421_int.o(i.TMR1_CH_IRQHandler) for i.TMR1_CH_IRQHandler
    at32f421_int.o(.ARM.exidx) refers to at32f421_int.o(i.TMR3_GLOBAL_IRQHandler) for i.TMR3_GLOBAL_IRQHandler
    at32f421_int.o(.ARM.exidx) refers to at32f421_int.o(i.TMR16_GLOBAL_IRQHandler) for i.TMR16_GLOBAL_IRQHandler
    at32f421_int.o(.ARM.exidx) refers to at32f421_int.o(i.USART1_IRQHandler) for i.USART1_IRQHandler
    at32f421_int.o(.ARM.exidx) refers to at32f421_int.o(i.USART2_IRQHandler) for i.USART2_IRQHandler
    at32f421_wk_config.o(i.wk_gpio_config) refers to at32f421_gpio.o(i.gpio_default_para_init) for gpio_default_para_init
    at32f421_wk_config.o(i.wk_gpio_config) refers to at32f421_gpio.o(i.gpio_init) for gpio_init
    at32f421_wk_config.o(i.wk_gpio_config) refers to at32f421_gpio.o(i.gpio_bits_reset) for gpio_bits_reset
    at32f421_wk_config.o(i.wk_nvic_config) refers to at32f421_misc.o(i.nvic_priority_group_config) for nvic_priority_group_config
    at32f421_wk_config.o(i.wk_nvic_config) refers to at32f421_wk_config.o(i._ZN42_INTERNAL_20_at32f421_wk_config_c_7d0838b126__NVIC_GetPriorityGroupingEv) for [local to at32f421_wk_config_c]::__NVIC_GetPriorityGrouping()
    at32f421_wk_config.o(i.wk_nvic_config) refers to at32f421_wk_config.o(i._ZN42_INTERNAL_20_at32f421_wk_config_c_7d0838b119NVIC_EncodePriorityEjjj) for [local to at32f421_wk_config_c]::NVIC_EncodePriority(unsigned, unsigned, unsigned)
    at32f421_wk_config.o(i.wk_nvic_config) refers to at32f421_wk_config.o(i._ZN42_INTERNAL_20_at32f421_wk_config_c_7d0838b118__NVIC_SetPriorityE4IRQnj) for [local to at32f421_wk_config_c]::__NVIC_SetPriority(IRQn, unsigned)
    at32f421_wk_config.o(i.wk_nvic_config) refers to at32f421_misc.o(i.nvic_irq_enable) for nvic_irq_enable
    at32f421_wk_config.o(i.wk_periph_clock_config) refers to at32f421_crm.o(i.crm_periph_clock_enable) for crm_periph_clock_enable
    at32f421_wk_config.o(i.wk_system_clock_config) refers to at32f421_crm.o(i.crm_reset) for crm_reset
    at32f421_wk_config.o(i.wk_system_clock_config) refers to at32f421_crm.o(i.crm_clock_source_enable) for crm_clock_source_enable
    at32f421_wk_config.o(i.wk_system_clock_config) refers to at32f421_crm.o(i.crm_flag_get) for crm_flag_get
    at32f421_wk_config.o(i.wk_system_clock_config) refers to at32f421_crm.o(i.crm_pll_config) for crm_pll_config
    at32f421_wk_config.o(i.wk_system_clock_config) refers to at32f421_crm.o(i.crm_ahb_div_set) for crm_ahb_div_set
    at32f421_wk_config.o(i.wk_system_clock_config) refers to at32f421_crm.o(i.crm_apb2_div_set) for crm_apb2_div_set
    at32f421_wk_config.o(i.wk_system_clock_config) refers to at32f421_crm.o(i.crm_apb1_div_set) for crm_apb1_div_set
    at32f421_wk_config.o(i.wk_system_clock_config) refers to at32f421_crm.o(i.crm_auto_step_mode_enable) for crm_auto_step_mode_enable
    at32f421_wk_config.o(i.wk_system_clock_config) refers to at32f421_crm.o(i.crm_sysclk_switch) for crm_sysclk_switch
    at32f421_wk_config.o(i.wk_system_clock_config) refers to at32f421_crm.o(i.crm_sysclk_switch_status_get) for crm_sysclk_switch_status_get
    at32f421_wk_config.o(i.wk_system_clock_config) refers to system_at32f421.o(i.system_core_clock_update) for system_core_clock_update
    at32f421_wk_config.o(i.wk_tmr16_init) refers to at32f421_gpio.o(i.gpio_default_para_init) for gpio_default_para_init
    at32f421_wk_config.o(i.wk_tmr16_init) refers to at32f421_gpio.o(i.gpio_pin_mux_config) for gpio_pin_mux_config
    at32f421_wk_config.o(i.wk_tmr16_init) refers to at32f421_gpio.o(i.gpio_init) for gpio_init
    at32f421_wk_config.o(i.wk_tmr16_init) refers to at32f421_tmr.o(i.tmr_base_init) for tmr_base_init
    at32f421_wk_config.o(i.wk_tmr16_init) refers to at32f421_tmr.o(i.tmr_cnt_dir_set) for tmr_cnt_dir_set
[...]
    .text                                    0x080003c8   Section       78  rt_memclr_w.o(.text)
    .text                                    0x08000416   Section        0  heapauxi.o(.text)
    .text                                    0x0800041c   Section        0  init_aeabi.o(.text)
    .text                                    0x08000440   Section       74  sys_stackheap_outer.o(.text)
    .text                                    0x0800048a   Section        0  exit.o(.text)
    .text                                    0x0800049c   Section        8  libspace.o(.text)
    .text                                    0x080004a4   Section        0  sys_exit.o(.text)
    .text                                    0x080004b0   Section        2  use_no_semi.o(.text)
    .text                                    0x080004b2   Section        0  indicate_semi.o(.text)
    i.AMCU_init                              0x080004b2   Section        0  amcu.o(i.AMCU_init)
    i.AMCU_run                               0x080004c4   Section        0  amcu.o(i.AMCU_run)
    i.BambuBus_init                          0x0800054c   Section        0  bambubus.o(i.BambuBus_init)
    i.BambuBus_run                           0x080006bc   Section        0  bambubus.o(i.BambuBus_run)
    i.Bambubus_read                          0x08000798   Section        0  bambubus.o(i.Bambubus_read)
    i.Bambubus_set_need_to_save              0x0800079c   Section        0  bambubus.o(i.Bambubus_set_need_to_save)
    i.BusFault_Handler                       0x080007a8   Section        0  at32f421_int.o(i.BusFault_Handler)
    i.DebugMon_Handler                       0x080007ac   Section        0  at32f421_int.o(i.DebugMon_Handler)
    i.HardFault_Handler                      0x080007ae   Section        0  at32f421_int.o(i.HardFault_Handler)
    i.MemManage_Handler                      0x080007b2   Section        0  at32f421_int.o(i.MemManage_Handler)
    i.NMI_Handler                            0x080007b6   Section        0  at32f421_int.o(i.NMI_Handler)
    i.PendSV_Handler                         0x080007b8   Section        0  at32f421_int.o(i.PendSV_Handler)
    i.SVC_Handler                            0x080007ba   Section        0  at32f421_int.o(i.SVC_Handler)
    i.SysTick_Handler                        0x080007bc   Section        0  at32f421_int.o(i.SysTick_Handler)
    i.SystemInit                             0x080007c0   Section        0  system_at32f421.o(i.SystemInit)
    i.TMR16_GLOBAL_IRQHandler                0x0800082c   Section        0  at32f421_int.o(i.TMR16_GLOBAL_IRQHandler)
    i.TMR1_BRK_OVF_TRG_HALL_IRQHandler       0x0800082e   Section        0  at32f421_int.o(i.TMR1_BRK_OVF_TRG_HALL_IRQHandler)
    i.TMR1_CH_IRQHandler                     0x08000830   Section        0  at32f421_int.o(i.TMR1_CH_IRQHandler)
    i.TMR3_GLOBAL_IRQHandler                 0x08000832   Section        0  at32f421_int.o(i.TMR3_GLOBAL_IRQHandler)
    i.USART1_IRQHandler                      0x08000834   Section        0  at32f421_int.o(i.USART1_IRQHandler)
    i.USART2_IRQHandler                      0x08000836   Section        0  at32f421_int.o(i.USART2_IRQHandler)
    i.USB_debug_init                         0x08000838   Section        0  usb_debug.o(i.USB_debug_init)
    i.USB_debug_run                          0x0800083a   Section        0  usb_debug.o(i.USB_debug_run)
    i.UsageFault_Handler                     0x0800083c   Section        0  at32f421_int.o(i.UsageFault_Handler)
    i._Z10delay_initv                        0x08000840   Section        0  delay.o(i._Z10delay_initv)
    i._Z10get_time64v                        0x08000878   Section        0  time64.o(i._Z10get_time64v)
    i._Z11AS5600_initv                       0x080008b0   Section        0  amcu.o(i._Z11AS5600_initv)
    i._Z11set_cxx_bufPhS_i                   0x080008c0   Section        0  bambubus.o(i._Z11set_cxx_bufPhS_i)
    i._Z12AMCU_bus_runv                      0x080008f4   Section        0  amcu.o(i._Z12AMCU_bus_runv)
    i._Z12IIC_Wait_Ackv                      0x08000950   Section        0  myiic.o(i._Z12IIC_Wait_Ackv)
    i._Z12reverse8bitsh                      0x08000992   Section        0  crcfastreverse.o(i._Z12reverse8bitsh)
    i._Z12send_for_CxxPhi                    0x080009bc   Section        0  bambubus.o(i._Z12send_for_CxxPhi)
    i._Z12send_for_DxxPhi                    0x08000a08   Section        0  bambubus.o(i._Z12send_for_DxxPhi)
    i._Z12send_for_FxxPhi                    0x08000c58   Section        0  bambubus.o(i._Z12send_for_FxxPhi)
    i._Z13AMCU_bus_initv                     0x08000c80   Section        0  amcu.o(i._Z13AMCU_bus_initv)
    i._Z13Bambubus_savev                     0x08000c82   Section        0  bambubus.o(i._Z13Bambubus_savev)
    i._Z13IIC_Read_Byteh                     0x08000c84   Section        0  myiic.o(i._Z13IIC_Read_Byteh)
    i._Z13IIC_Send_Byteh                     0x08000cd0   Section        0  myiic.o(i._Z13IIC_Send_Byteh)
    i._Z13reverse16bitst                     0x08000d14   Section        0  crcfastreverse.o(i._Z13reverse16bitst)
    i._Z13sda_bits_readv                     0x08000d58   Section        0  myiic.o(i._Z13sda_bits_readv)
    i._Z14debug_send_runv                    0x08000d70   Section        0  amcu.o(i._Z14debug_send_runv)
    i._Z14scl_bits_writeh                    0x08000d74   Section        0  myiic.o(i._Z14scl_bits_writeh)
    i._Z14sda_bits_writeh                    0x08000d98   Section        0  myiic.o(i._Z14sda_bits_writeh)
    i._Z15get_packge_typePhi                 0x08000dbc   Section        0  bambubus.o(i._Z15get_packge_typePhi)
    i._Z16AMCU_check_crc16Phi                0x08000e98   Section        0  amcu.o(i._Z16AMCU_check_crc16Phi)
    i._Z18BambuBUS_UART_Initj                0x08000ee4   Section        0  bambubus.o(i._Z18BambuBUS_UART_Initj)
    i._Z19package_check_crc16Phi             0x08000ee8   Section        0  bambubus.o(i._Z19package_check_crc16Phi)
    i._Z21AS5600_get_distance_Ev             0x08000f34   Section        0  amcu.o(i._Z21AS5600_get_distance_Ev)
    i._Z21package_send_with_crcPhi           0x08000fe0   Section        0  bambubus.o(i._Z21package_send_with_crcPhi)
    i._Z21send_for_Set_filamentPhi           0x0800106c   Section        0  bambubus.o(i._Z21send_for_Set_filamentPhi)
    i._Z22get_filament_left_charh            0x0800115c   Section        0  bambubus.o(i._Z22get_filament_left_charh)
    i._Z26AMCU_bus_deal_read_stu_resPhi      0x08001198   Section        0  amcu.o(i._Z26AMCU_bus_deal_read_stu_resPhi)
    i._Z26Bambubus_long_package_sendP16long_packge_data 0x080011ec   Section        0  bambubus.o(i._Z26Bambubus_long_package_sendP16long_packge_data)
    i._Z28AMCU_bus_deal_set_motion_resPhi    0x08001234   Section        0  amcu.o(i._Z28AMCU_bus_deal_set_motion_resPhi)
    i._Z28send_for_long_packge_versionPhi    0x08001240   Section        0  bambubus.o(i._Z28send_for_long_packge_versionPhi)
    i._Z29send_for_long_packge_filamentPhi   0x08001304   Section        0  bambubus.o(i._Z29send_for_long_packge_filamentPhi)
    i._Z30Bambubus_long_package_analysisPhiP16long_packge_data 0x0800144c   Section        0  bambubus.o(i._Z30Bambubus_long_package_analysisPhiP16long_packge_data)
    i._Z30send_for_long_packge_MC_onlinePhi  0x08001474   Section        0  bambubus.o(i._Z30send_for_long_packge_MC_onlinePhi)
    i._Z6SDA_INv                             0x080014f4   Section        0  myiic.o(i._Z6SDA_INv)
    i._Z7IIC_Ackv                            0x0800150c   Section        0  myiic.o(i._Z7IIC_Ackv)
    i._Z7SDA_OUTv                            0x08001538   Section        0  myiic.o(i._Z7SDA_OUTv)
    i._Z8IIC_Initv                           0x08001554   Section        0  myiic.o(i._Z8IIC_Initv)
    i._Z8IIC_NAckv                           0x080015a0   Section        0  myiic.o(i._Z8IIC_NAckv)
    i._Z8IIC_Stopv                           0x080015cc   Section        0  myiic.o(i._Z8IIC_Stopv)
    i._Z8delay_usj                           0x080015f8   Section        0  delay.o(i._Z8delay_usj)
    i._Z9IIC_Startv                          0x08001644   Section        0  myiic.o(i._Z9IIC_Startv)
    i._Z9send_uartPKht                       0x08001670   Section        0  bambubus.o(i._Z9send_uartPKht)
    i._ZN42_INTERNAL_20_at32f421_wk_config_c_7d0838b118__NVIC_SetPriorityE4IRQnj 0x08001674   Section        0  at32f421_wk_config.o(i._ZN42_INTERNAL_20_at32f421_wk_config_c_7d0838b118__NVIC_SetPriorityE4IRQnj)
    [local to at32f421_wk_config_c]::__NVIC_SetPriority(IRQn, unsigned) 0x08001675   Thumb Code    32  at32f421_wk_config.o(i._ZN42_INTERNAL_20_at32f421_wk_config_c_7d0838b118__NVIC_SetPriorityE4IRQnj)
    i._ZN42_INTERNAL_20_at32f421_wk_config_c_7d0838b119NVIC_EncodePriorityEjjj 0x0800169c   Section        0  at32f421_wk_config.o(i._ZN42_INTERNAL_20_at32f421_wk_config_c_7d0838b119NVIC_EncodePriorityEjjj)
    [local to at32f421_wk_config_c]::NVIC_EncodePriority(unsigned, unsigned, unsigned) 0x0800169d   Thumb Code    64  at32f421_wk_config.o(i._ZN42_INTERNAL_20_at32f421_wk_config_c_7d0838b119NVIC_EncodePriorityEjjj)
    i._ZN42_INTERNAL_20_at32f421_wk_config_c_7d0838b126__NVIC_GetPriorityGroupingEv 0x080016dc   Section        0  at32f421_wk_config.o(i._ZN42_INTERNAL_20_at32f421_wk_config_c_7d0838b126__NVIC_GetPriorityGroupingEv)
    [local to at32f421_wk_config_c]::__NVIC_GetPriorityGrouping() 0x080016dd   Thumb Code    10  at32f421_wk_config.o(i._ZN42_INTERNAL_20_at32f421_wk_config_c_7d0838b126__NVIC_GetPriorityGroupingEv)
    i._ZN4CRC83addEh                         0x080016ec   Section        0  crc8.o(i._ZN4CRC83addEh)
    i._ZN4CRC84_addEh                        0x08001702   Section        0  crc8.o(i._ZN4CRC84_addEh)
    i._ZN4CRC85resetEhhhbb                   0x0800174a   Section        0  crc8.o(i._ZN4CRC85resetEhhhbb)
    i._ZN4CRC87restartEv                     0x08001766   Section        0  crc8.o(i._ZN4CRC87restartEv)
    i._ZN4CRC8C1Ehhhbb                       0x08001770   Section        0  crc8.o(i._ZN4CRC8C1Ehhhbb)
    i._ZN5CRC163addEh                        0x08001788   Section        0  crc16.o(i._ZN5CRC163addEh)
    i._ZN5CRC164_addEh                       0x0800179e   Section        0  crc16.o(i._ZN5CRC164_addEh)
    i._ZN5CRC165resetEtttbb                  0x080017f0   Section        0  crc16.o(i._ZN5CRC165resetEtttbb)
    i._ZN5CRC167restartEv                    0x0800180c   Section        0  crc16.o(i._ZN5CRC167restartEv)
    i._ZN5CRC16C1Etttbb                      0x08001816   Section        0  crc16.o(i._ZN5CRC16C1Etttbb)
    i._ZN6AS560011isConnectedEv              0x0800182e   Section        0  as5600.o(i._ZN6AS560011isConnectedEv)
    i._ZN6AS560012AS5600_Read8EhhhPh         0x08001834   Section        0  as5600.o(i._ZN6AS560012AS5600_Read8EhhhPh)
    i._ZN6AS560012setDirectionEh             0x080018a0   Section        0  as5600.o(i._ZN6AS560012setDirectionEh)
    i._ZN6AS56005beginEh                     0x080018a4   Section        0  as5600.o(i._ZN6AS56005beginEh)
    i._ZN6AS56008rawAngleEv                  0x080018d6   Section        0  as5600.o(i._ZN6AS56008rawAngleEv)
    i._ZN6AS56008readReg2Eh                  0x0800190a   Section        0  as5600.o(i._ZN6AS56008readReg2Eh)
    i._ZN9_filamentC1Ev                      0x08001954   Section        0  bambubus.o(i._ZN9_filamentC1Ev)
    i._ZNK4CRC84calcEv                       0x080019ac   Section        0  crc8.o(i._ZNK4CRC84calcEv)
    i._ZNK5CRC164calcEv                      0x080019c6   Section        0  crc16.o(i._ZNK5CRC164calcEv)
    i.__aeabi_vec_ctor_nocookie_nodtor       0x080019e0   Section        0  aeabi_vec_ctor_nocookie_nodtor.o(i.__aeabi_vec_ctor_nocookie_nodtor)
    i.__sti___12_BambuBus_cpp_crc_16         0x08001a04   Section        0  bambubus.o(i.__sti___12_BambuBus_cpp_crc_16)
    __sti___12_BambuBus_cpp_crc_16           0x08001a05   Thumb Code    88  bambubus.o(i.__sti___12_BambuBus_cpp_crc_16)
    i.__sti___8_AMCU_cpp_as5600              0x08001a74   Section        0  amcu.o(i.__sti___8_AMCU_cpp_as5600)
    __sti___8_AMCU_cpp_as5600                0x08001a75   Thumb Code    88  amcu.o(i.__sti___8_AMCU_cpp_as5600)
    i.add_filament_meters                    0x08001adc   Section        0  bambubus.o(i.add_filament_meters)
    i.crm_ahb_div_set                        0x08001ae0   Section        0  at32f421_crm.o(i.crm_ahb_div_set)
    i.crm_apb1_div_set                       0x08001af4   Section        0  at32f421_crm.o(i.crm_apb1_div_set)
    i.crm_apb2_div_set                       0x08001b08   Section        0  at32f421_crm.o(i.crm_apb2_div_set)
    i.crm_auto_step_mode_enable              0x08001b1c   Section        0  at32f421_crm.o(i.crm_auto_step_mode_enable)
    i.crm_clock_source_enable                0x08001b44   Section        0  at32f421_crm.o(i.crm_clock_source_enable)
    i.crm_clocks_freq_get                    0x08001ba4   Section        0  at32f421_crm.o(i.crm_clocks_freq_get)
    i.crm_flag_get                           0x08001d50   Section        0  at32f421_crm.o(i.crm_flag_get)
    i.crm_periph_clock_enable                0x08001d80   Section        0  at32f421_crm.o(i.crm_periph_clock_enable)
    i.crm_pll_config                         0x08001dc4   Section        0  at32f421_crm.o(i.crm_pll_config)
    i.crm_reset                              0x08001ed8   Section        0  at32f421_crm.o(i.crm_reset)
    i.crm_sysclk_switch                      0x08001f3c   Section        0  at32f421_crm.o(i.crm_sysclk_switch)
    i.crm_sysclk_switch_status_get           0x08001f78   Section        0  at32f421_crm.o(i.crm_sysclk_switch_status_get)
    i.get_filament_motion                    0x08001f88   Section        0  bambubus.o(i.get_filament_motion)
    i.get_now_filament_num                   0x08001f8c   Section        0  bambubus.o(i.get_now_filament_num)
    i.gpio_bits_reset                        0x08001f90   Section        0  at32f421_gpio.o(i.gpio_bits_reset)
    i.gpio_bits_write                        0x08001f94   Section        0  at32f421_gpio.o(i.gpio_bits_write)
    i.gpio_default_para_init                 0x08001f9e   Section        0  at32f421_gpio.o(i.gpio_default_para_init)
    i.gpio_init                              0x08001fb2   Section        0  at32f421_gpio.o(i.gpio_init)
    i.gpio_input_data_bit_read               0x0800202c   Section        0  at32f421_gpio.o(i.gpio_input_data_bit_read)
    i.gpio_pin_mux_config                    0x0800203e   Section        0  at32f421_gpio.o(i.gpio_pin_mux_config)
    i.main                                   0x08002080   Section        0  main.o(i.main)
    i.nvic_irq_enable                        0x080020bc   Section        0  at32f421_misc.o(i.nvic_irq_enable)
    i.nvic_priority_group_config             0x08002184   Section        0  at32f421_misc.o(i.nvic_priority_group_config)
    i.set_filament_online                    0x080021ac   Section        0  bambubus.o(i.set_filament_online)
    i.system_core_clock_update               0x080021b0   Section        0  system_at32f421.o(i.system_core_clock_update)
    i.systick_clock_source_config            0x08002304   Section        0  at32f421_misc.o(i.systick_clock_source_config)
    i.tmr_base_init                          0x0800232c   Section        0  at32f421_tmr.o(i.tmr_base_init)
    i.tmr_brkdt_config                       0x0800233c   Section        0  at32f421_tmr.o(i.tmr_brkdt_config)
    i.tmr_channel_value_set                  0x08002384   Section        0  at32f421_tmr.o(i.tmr_channel_value_set)
    i.tmr_clock_source_div_set               0x080023ac   Section        0  at32f421_tmr.o(i.tmr_clock_source_div_set)
    i.tmr_cnt_dir_set                        0x080023b6   Section        0  at32f421_tmr.o(i.tmr_cnt_dir_set)
    i.tmr_counter_enable                     0x080023c0   Section        0  at32f421_tmr.o(i.tmr_counter_enable)
    i.tmr_output_channel_buffer_enable       0x080023ca   Section        0  at32f421_tmr.o(i.tmr_output_channel_buffer_enable)
    i.tmr_output_channel_config              0x0800240c   Section        0  at32f421_tmr.o(i.tmr_output_channel_config)
    i.tmr_output_channel_immediately_set     0x080025ac   Section        0  at32f421_tmr.o(i.tmr_output_channel_immediately_set)
    i.tmr_output_enable                      0x080025ee   Section        0  at32f421_tmr.o(i.tmr_output_enable)
    i.tmr_period_buffer_enable               0x080025f8   Section        0  at32f421_tmr.o(i.tmr_period_buffer_enable)
    i.tmr_primary_mode_select                0x08002602   Section        0  at32f421_tmr.o(i.tmr_primary_mode_select)
    i.tmr_repetition_counter_set             0x0800260c   Section        0  at32f421_tmr.o(i.tmr_repetition_counter_set)
    i.tmr_sub_sync_mode_set                  0x08002616   Section        0  at32f421_tmr.o(i.tmr_sub_sync_mode_set)
    i.usart_enable                           0x08002620   Section        0  at32f421_usart.o(i.usart_enable)
    i.usart_hardware_flow_control_set        0x0800262a   Section        0  at32f421_usart.o(i.usart_hardware_flow_control_set)
    i.usart_init                             0x08002690   Section        0  at32f421_usart.o(i.usart_init)
    i.usart_parity_selection_config          0x080026fc   Section        0  at32f421_usart.o(i.usart_parity_selection_config)
    i.usart_receiver_enable                  0x08002748   Section        0  at32f421_usart.o(i.usart_receiver_enable)
    i.usart_transmitter_enable               0x08002752   Section        0  at32f421_usart.o(i.usart_transmitter_enable)
    i.wk_gpio_config                         0x0800275c   Section        0  at32f421_wk_config.o(i.wk_gpio_config)
    i.wk_nvic_config                         0x0800284c   Section        0  at32f421_wk_config.o(i.wk_nvic_config)
    i.wk_periph_clock_config                 0x08002948   Section        0  at32f421_wk_config.o(i.wk_periph_clock_config)
    i.wk_system_clock_config                 0x080029a4   Section        0  at32f421_wk_config.o(i.wk_system_clock_config)
    i.wk_tmr16_init                          0x08002a34   Section        0  at32f421_wk_config.o(i.wk_tmr16_init)
    i.wk_tmr1_init                           0x08002b24   Section        0  at32f421_wk_config.o(i.wk_tmr1_init)
    i.wk_tmr3_init                           0x08002b70   Section        0  at32f421_wk_config.o(i.wk_tmr3_init)
    i.wk_usart1_init                         0x08002d9c   Section        0  at32f421_wk_config.o(i.wk_usart1_init)
    i.wk_usart2_init                         0x08002e74   Section        0  at32f421_wk_config.o(i.wk_usart2_init)
    x$fpl$d2f                                0x08002f1c   Section       98  d2f.o(x$fpl$d2f)
    x$fpl$ddiv                               0x08002f80   Section      688  ddiv.o(x$fpl$ddiv)
    ddiv_entry                               0x08002f87   Thumb Code     0  ddiv.o(x$fpl$ddiv)
    x$fpl$dmul                               0x08003230   Section      340  dmul.o(x$fpl$dmul)
    x$fpl$dnaninf                            0x08003384   Section      156  dnaninf.o(x$fpl$dnaninf)
    x$fpl$dretinf                            0x08003420   Section       12  dretinf.o(x$fpl$dretinf)
    x$fpl$f2d                                0x0800342c   Section       86  f2d.o(x$fpl$f2d)
    x$fpl$fflt                               0x08003484   Section       48  fflt_clz.o(x$fpl$fflt)
    x$fpl$fnaninf                            0x080034b4   Section      140  fnaninf.o(x$fpl$fnaninf)
    x$fpl$fretinf                            0x08003540   Section       10  fretinf.o(x$fpl$fretinf)
    .constdata                               0x0800354a   Section       40  at32f421_crm.o(.constdata)
    x$fpl$usenofp                            0x0800354a   Section        0  usenofp.o(x$fpl$usenofp)
    crm_clocks_freq_get::sclk_ahb_div_table  0x0800354a   Data          16  at32f421_crm.o(.constdata)
    crm_clocks_freq_get::ahb_apb1_div_table  0x0800355a   Data           8  at32f421_crm.o(.constdata)
    crm_clocks_freq_get::ahb_apb2_div_table  0x08003562   Data           8  at32f421_crm.o(.constdata)
    crm_clocks_freq_get::adc_div_table       0x0800356a   Data           8  at32f421_crm.o(.constdata)
    .constdata                               0x08003572   Section       16  system_at32f421.o(.constdata)
    system_core_clock_update::sys_ahb_div_table 0x08003572   Data          16  system_at32f421.o(.constdata)
    .conststring                             0x08003584   Section       13  bambubus.o(.conststring)
    .init_array                              0x080035b4   Section        4  amcu.o(.init_array)
    .init_array                              0x080035b8   Section        4  bambubus.o(.init_array)
    .init_array                              0x080035bc   Section        0  init_aeabi.o(.init_array)
    .data                                    0x20000000   Section        8  delay.o(.data)
    fac_us                                   0x20000000   Data           4  delay.o(.data)
    fac_ms                                   0x20000004   Data           4  delay.o(.data)
    .data                                    0x20000008   Section        4  system_at32f421.o(.data)
    .data                                    0x20000010   Section       56  amcu.o(.data)
    AS5600_get_distance_E()::last_distance   0x20000034   Data           4  amcu.o(.data)
    AMCU_bus_recv_IRQ(unsigned char)::_index 0x20000038   Data           4  amcu.o(.data)
    AMCU_bus_recv_IRQ(unsigned char)::length 0x2000003c   Data           4  amcu.o(.data)
    AMCU_bus_send_set_motion()::last_motion  0x20000040   Data           1  amcu.o(.data)
    AMCU_run::now_filament_num               0x20000044   Data           4  amcu.o(.data)
    .data                                    0x20000048   Section      656  bambubus.o(.data)
    RX_IRQ(unsigned char)::_index            0x200002c4   Data           4  bambubus.o(.data)
    RX_IRQ(unsigned char)::length            0x200002c8   Data           4  bambubus.o(.data)
    RX_IRQ(unsigned char)::data_length_index 0x200002cc   Data           1  bambubus.o(.data)
    RX_IRQ(unsigned char)::data_CRC8_index   0x200002cd   Data           1  bambubus.o(.data)
    BambuBus_run::time_set                   0x200002d0   Data           8  bambubus.o(.data)
    .data                                    0x200002d8   Section       12  time64.o(.data)
    .bss                                     0x200002e4   Section      280  amcu.o(.bss)
    .bss                                     0x200003fc   Section     3961  bambubus.o(.bss)
    .bss                                     0x20001378   Section       96  libspace.o(.bss)
    HEAP                                     0x200013d8   Section      512  startup_at32f421.o(HEAP)
    Heap_Mem                                 0x200013d8   Data         512  startup_at32f421.o(HEAP)
    STACK                                    0x200015d8   Section     1024  startup_at32f421.o(STACK)
    Stack_Mem                                0x200015d8   Data        1024  startup_at32f421.o(STACK)
    __initial_sp                             0x200019d8   Data           0  startup_at32f421.o(STACK)

    Global Symbols

    Symbol Name                              Value     Ov Type        Size  Object(Section)

    BuildAttributes$$THM_ISAv4$E$P$D$K$B$S$7EM$PE$A:L22UL41UL21$X:L11$S22US41US21$IEEE1$IW$USESV6$~STKCKD$USESV7$~SHL$OTIME$ROPI$IEEEJ$EBA8$UX$STANDARDLIB$REQ8$PRES8$EABIv2 0x00000000   Number         0  anon$$obj.o ABSOLUTE
    __ARM_use_no_argv                        0x00000000   Number         0  main.o ABSOLUTE
    SHT$$ARM_EXIDX$$Base                      - Undefined Reference
    SHT$$ARM_EXIDX$$Limit                     - Undefined Reference
    __ARM_exceptions_init                     - Undefined Weak Reference
    __aeabi_unwind_cpp_pr1                    - Undefined Weak Reference
    __aeabi_unwind_cpp_pr2                    - Undefined Weak Reference
    __alloca_initialize                       - Undefined Weak Reference
    __arm_preinit_                            - Undefined Weak Reference
    __cxa_begin_cleanup                       - Undefined Weak Reference
    __cxa_call_unexpected                     - Undefined Weak Reference
    __cxa_finalize                            - Undefined Weak Reference
    __cxa_type_match                          - Undefined Weak Reference
    __rt_locale                               - Undefined Weak Reference
    __sigvec_lookup                           - Undefined Weak Reference
    __user_heap_extent                        - Undefined Weak Reference
    _atexit_init                              - Undefined Weak Reference
    _call_atexit_fns                          - Undefined Weak Reference
    _clock_init                               - Undefined Weak Reference
    _fp_trap_init                             - Undefined Weak Reference
    _fp_trap_shutdown                         - Undefined Weak Reference
    _get_lc_collate                           - Undefined Weak Reference
    _get_lc_ctype                             - Undefined Weak Reference
    _get_lc_monetary                          - Undefined Weak Reference
    _get_lc_numeric                           - Undefined Weak Reference
    _get_lc_time                              - Undefined Weak Reference
    _getenv_init                              - Undefined Weak Reference
    _handle_redirection                       - Undefined Weak Reference
    _initio                                   - Undefined Weak Reference
    _mutex_acquire                            - Undefined Weak Reference
    _mutex_free                               - Undefined Weak Reference
    _mutex_release                            - Undefined Weak Reference
    _rand_init                                - Undefined Weak Reference
    _signal_finish                            - Undefined Weak Reference
    _signal_init                              - Undefined Weak Reference
    _terminateio                              - Undefined Weak Reference
    __Vectors_Size                           0x000000cc   Number         0  startup_at32f421.o ABSOLUTE
    __Vectors                                0x08000000   Data           4  startup_at32f421.o(RESET)
    __Vectors_End                            0x080000cc   Data           0  startup_at32f421.o(RESET)
    __main                                   0x080000cd   Thumb Code     8  __main.o(!!!main)
    __scatterload                            0x080000d5   Thumb Code     0  __scatter.o(!!!scatter)
    __scatterload_rt2                        0x080000d5   Thumb Code    44  __scatter.o(!!!scatter)
    __scatterload_rt2_thumb_only             0x080000d5   Thumb Code     0  __scatter.o(!!!scatter)
    __scatterload_null                       0x080000e3   Thumb Code     0  __scatter.o(!!!scatter)
    __decompress                             0x08000109   Thumb Code    90  __dczerorl2.o(!!dczerorl2)
    __decompress1                            0x08000109   Thumb Code     0  __dczerorl2.o(!!dczerorl2)
    __scatterload_zeroinit                   0x08000165   Thumb Code    28  __scatter_zi.o(!!handler_zi)
    __rt_lib_init                            0x08000181   Thumb Code     0  libinit.o(.ARM.Collect$$libinit$$00000000)
    __rt_lib_init_alloca_1                   0x08000183   Thumb Code     0  libinit2.o(.ARM.Collect$$libinit$$0000002E)
    __rt_lib_init_argv_1                     0x08000183   Thumb Code     0  libinit2.o(.ARM.Collect$$libinit$$0000002C)
    __rt_lib_init_atexit_1                   0x08000183   Thumb Code     0  libinit2.o(.ARM.Collect$$libinit$$0000001B)
    __rt_lib_init_clock_1                    0x08000183   Thumb Code     0  libinit2.o(.ARM.Collect$$libinit$$00000021)
    __rt_lib_init_cpp_2                      0x08000183   Thumb Code     0  libinit2.o(.ARM.Collect$$libinit$$00000031)
    __rt_lib_init_exceptions_1               0x08000183   Thumb Code     0  libinit2.o(.ARM.Collect$$libinit$$00000030)
    __rt_lib_init_fp_1                       0x08000183   Thumb Code     0  libinit2.o(.ARM.Collect$$libinit$$00000002)
    __rt_lib_init_fp_trap_1                  0x08000183   Thumb Code     0  libinit2.o(.ARM.Collect$$libinit$$0000001F)
    __rt_lib_init_getenv_1                   0x08000183   Thumb Code     0  libinit2.o(.ARM.Collect$$libinit$$00000023)
    __rt_lib_init_heap_1                     0x08000183   Thumb Code     0  libinit2.o(.ARM.Collect$$libinit$$0000000A)
    __rt_lib_init_lc_collate_1               0x08000183   Thumb Code     0  libinit2.o(.ARM.Collect$$libinit$$00000011)
    __rt_lib_init_lc_ctype_1                 0x08000183   Thumb Code     0  libinit2.o(.ARM.Collect$$libinit$$00000013)
    __rt_lib_init_lc_monetary_1              0x08000183   Thumb Code     0  libinit2.o(.ARM.Collect$$libinit$$00000015)
    __rt_lib_init_lc_numeric_1               0x08000183   Thumb Code     0  libinit2.o(.ARM.Collect$$libinit$$00000017)
    __rt_lib_init_lc_time_1                  0x08000183   Thumb Code     0  libinit2.o(.ARM.Collect$$libinit$$00000019)
    __rt_lib_init_preinit_1                  0x08000183   Thumb Code     0  libinit2.o(.ARM.Collect$$libinit$$00000004)
    __rt_lib_init_rand_1                     0x08000183   Thumb Code     0  libinit2.o(.ARM.Collect$$libinit$$0000000E)
    __rt_lib_init_signal_1                   0x08000183   Thumb Code     0  libinit2.o(.ARM.Collect$$libinit$$0000001D)
    __rt_lib_init_stdio_1                    0x08000183   Thumb Code     0  libinit2.o(.ARM.Collect$$libinit$$00000025)
    __rt_lib_init_user_alloc_1               0x08000183   Thumb Code     0  libinit2.o(.ARM.Collect$$libinit$$0000000C)
    __rt_lib_init_cpp_1                      0x08000187   Thumb Code     0  libinit2.o(.ARM.Collect$$libinit$$00000032)
    __rt_lib_init_return                     0x08000187   Thumb Code     0  libinit2.o(.ARM.Collect$$libinit$$00000033)
    __rt_lib_shutdown                        0x08000189   Thumb Code     0  libshutdown.o(.ARM.Collect$$libshutdown$$00000000)
    __rt_lib_shutdown_cpp_1                  0x0800018b   Thumb Code     0  libshutdown2.o(.ARM.Collect$$libshutdown$$00000002)
    __rt_lib_shutdown_fp_trap_1              0x0800018b   Thumb Code     0  libshutdown2.o(.ARM.Collect$$libshutdown$$00000007)
    __rt_lib_shutdown_heap_1                 0x0800018b   Thumb Code     0  libshutdown2.o(.ARM.Collect$$libshutdown$$0000000F)
    __rt_lib_shutdown_return                 0x0800018b   Thumb Code     0  libshutdown2.o(.ARM.Collect$$libshutdown$$00000010)
    __rt_lib_shutdown_signal_1               0x0800018b   Thumb Code     0  libshutdown2.o(.ARM.Collect$$libshutdown$$0000000A)
    __rt_lib_shutdown_stdio_1                0x0800018b   Thumb Code     0  libshutdown2.o(.ARM.Collect$$libshutdown$$00000004)
    __rt_lib_shutdown_user_alloc_1           0x0800018b   Thumb Code     0  libshutdown2.o(.ARM.Collect$$libshutdown$$0000000C)
    __rt_entry                               0x0800018d   Thumb Code     0  __rtentry.o(.ARM.Collect$$rtentry$$00000000)
    __rt_entry_presh_1                       0x0800018d   Thumb Code     0  __rtentry2.o(.ARM.Collect$$rtentry$$00000002)
    __rt_entry_sh                            0x0800018d   Thumb Code     0  __rtentry4.o(.ARM.Collect$$rtentry$$00000004)
    __rt_entry_li                            0x08000193   Thumb Code     0  __rtentry2.o(.ARM.Collect$$rtentry$$0000000A)
    __rt_entry_postsh_1                      0x08000193   Thumb Code     0  __rtentry2.o(.ARM.Collect$$rtentry$$00000009)
    __rt_entry_main                          0x08000197   Thumb Code     0  __rtentry2.o(.ARM.Collect$$rtentry$$0000000D)
    __rt_entry_postli_1                      0x08000197   Thumb Code     0  __rtentry2.o(.ARM.Collect$$rtentry$$0000000C)
    __rt_exit                                0x0800019f   Thumb Code     0  rtexit.o(.ARM.Collect$$rtexit$$00000000)
    __rt_exit_ls                             0x080001a1   Thumb Code     0  rtexit2.o(.ARM.Collect$$rtexit$$00000003)
    __rt_exit_prels_1                        0x080001a1   Thumb Code     0  rtexit2.o(.ARM.Collect$$rtexit$$00000002)
    __rt_exit_exit                           0x080001a5   Thumb Code     0  rtexit2.o(.ARM.Collect$$rtexit$$00000004)
    Reset_Handler                            0x080001ad   Thumb Code     8  startup_at32f421.o(.text)
    ADC1_CMP_IRQHandler                      0x080001c7   Thumb Code     0  startup_at32f421.o(.text)
    CRM_IRQHandler                           0x080001c7   Thumb Code     0  startup_at32f421.o(.text)
    DMA1_Channel1_IRQHandler                 0x080001c7   Thumb Code     0  startup_at32f421.o(.text)
    DMA1_Channel3_2_IRQHandler               0x080001c7   Thumb Code     0  startup_at32f421.o(.text)
    DMA1_Channel5_4_IRQHandler               0x080001c7   Thumb Code     0  startup_at32f421.o(.text)
    ERTC_IRQHandler                          0x080001c7   Thumb Code     0  startup_at32f421.o(.text)
    EXINT15_4_IRQHandler                     0x080001c7   Thumb Code     0  startup_at32f421.o(.text)
    EXINT1_0_IRQHandler                      0x080001c7   Thumb Code     0  startup_at32f421.o(.text)
    EXINT3_2_IRQHandler                      0x080001c7   Thumb Code     0  startup_at32f421.o(.text)
    FLASH_IRQHandler                         0x080001c7   Thumb Code     0  startup_at32f421.o(.text)
    I2C1_ERR_IRQHandler                      0x080001c7   Thumb Code     0  startup_at32f421.o(.text)
    I2C1_EVT_IRQHandler                      0x080001c7   Thumb Code     0  startup_at32f421.o(.text)
    I2C2_ERR_IRQHandler                      0x080001c7   Thumb Code     0  startup_at32f421.o(.text)
    I2C2_EVT_IRQHandler                      0x080001c7   Thumb Code     0  startup_at32f421.o(.text)
    PVM_IRQHandler                           0x080001c7   Thumb Code     0  startup_at32f421.o(.text)
    SPI1_IRQHandler                          0x080001c7   Thumb Code     0  startup_at32f421.o(.text)
    SPI2_IRQHandler                          0x080001c7   Thumb Code     0  startup_at32f421.o(.text)
    TMR14_GLOBAL_IRQHandler                  0x080001c7   Thumb Code     0  startup_at32f421.o(.text)
    TMR15_GLOBAL_IRQHandler                  0x080001c7   Thumb Code     0  startup_at32f421.o(.text)
    TMR17_GLOBAL_IRQHandler                  0x080001c7   Thumb Code     0  startup_at32f421.o(.text)
    TMR6_GLOBAL_IRQHandler                   0x080001c7   Thumb Code     0  startup_at32f421.o(.text)
    WWDT_IRQHandler                          0x080001c7   Thumb Code     0  startup_at32f421.o(.text)
    __user_initial_stackheap                 0x080001c9   Thumb Code     0  startup_at32f421.o(.text)
    __aeabi_uldivmod                         0x080001ed   Thumb Code     0  lludivv7m.o(.text)
    _ll_udiv                                 0x080001ed   Thumb Code   238  lludivv7m.o(.text)
    __aeabi_memcpy                           0x080002db   Thumb Code     0  rt_memcpy_v6.o(.text)
    __rt_memcpy                              0x080002db   Thumb Code   138  rt_memcpy_v6.o(.text)
    _memcpy_lastbytes                        0x08000341   Thumb Code     0  rt_memcpy_v6.o(.text)
    __aeabi_memcpy4                          0x08000365   Thumb Code     0  rt_memcpy_w.o(.text)
    __aeabi_memcpy8                          0x08000365   Thumb Code     0  rt_memcpy_w.o(.text)
    __rt_memcpy_w                            0x08000365   Thumb Code   100  rt_memcpy_w.o(.text)
    _memcpy_lastbytes_aligned                0x080003ad   Thumb Code     0  rt_memcpy_w.o(.text)
    __aeabi_memclr4                          0x080003c9   Thumb Code     0  rt_memclr_w.o(.text)
    __aeabi_memclr8                          0x080003c9   Thumb Code     0  rt_memclr_w.o(.text)
    __rt_memclr_w                            0x080003c9   Thumb Code    78  rt_memclr_w.o(.text)
    _memset_w                                0x080003cd   Thumb Code     0  rt_memclr_w.o(.text)
    __use_two_region_memory                  0x08000417   Thumb Code     2  heapauxi.o(.text)
    __rt_heap_escrow                         0x08000419   Thumb Code     2  heapauxi.o(.text)
    __rt_heap_expand                         0x0800041b   Thumb Code     2  heapauxi.o(.text)
    __cpp_initialize__aeabi_                 0x0800041d   Thumb Code    26  init_aeabi.o(.text)
    __user_setup_stackheap                   0x08000441   Thumb Code    74  sys_stackheap_outer.o(.text)
    exit                                     0x0800048b   Thumb Code    18  exit.o(.text)
    __user_libspace                          0x0800049d   Thumb Code     8  libspace.o(.text)
    __user_perproc_libspace                  0x0800049d   Thumb Code     0  libspace.o(.text)
    __user_perthread_libspace                0x0800049d   Thumb Code     0  libspace.o(.text)
    _sys_exit                                0x080004a5   Thumb Code     8  sys_exit.o(.text)
    __I$use$semihosting                      0x080004b1   Thumb Code     0  use_no_semi.o(.text)
    __use_no_semihosting_swi                 0x080004b1   Thumb Code     2  use_no_semi.o(.text)
    AMCU_init                                0x080004b3   Thumb Code    16  amcu.o(i.AMCU_init)
    __semihosting_library_function           0x080004b3   Thumb Code     0  indicate_semi.o(.text)
    AMCU_run                                 0x080004c5   Thumb Code   126  amcu.o(i.AMCU_run)
    BambuBus_init                            0x0800054d   Thumb Code   356  bambubus.o(i.BambuBus_init)
    BambuBus_run                             0x080006bd   Thumb Code   200  bambubus.o(i.BambuBus_run)
    Bambubus_read                            0x08000799   Thumb Code     4  bambubus.o(i.Bambubus_read)
    Bambubus_set_need_to_save                0x0800079d   Thumb Code     8  bambubus.o(i.Bambubus_set_need_to_save)
    BusFault_Handler                         0x080007a9   Thumb Code     4  at32f421_int.o(i.BusFault_Handler)
    DebugMon_Handler                         0x080007ad   Thumb Code     2  at32f421_int.o(i.DebugMon_Handler)
    HardFault_Handler                        0x080007af   Thumb Code     4  at32f421_int.o(i.HardFault_Handler)
    MemManage_Handler                        0x080007b3   Thumb Code     4  at32f421_int.o(i.MemManage_Handler)
    NMI_Handler                              0x080007b7   Thumb Code     2  at32f421_int.o(i.NMI_Handler)
    PendSV_Handler                           0x080007b9   Thumb Code     2  at32f421_int.o(i.PendSV_Handler)
    SVC_Handler                              0x080007bb   Thumb Code     2  at32f421_int.o(i.SVC_Handler)
    SysTick_Handler                          0x080007bd   Thumb Code     2  at32f421_int.o(i.SysTick_Handler)
    SystemInit                               0x080007c1   Thumb Code    96  system_at32f421.o(i.SystemInit)
    TMR16_GLOBAL_IRQHandler                  0x0800082d   Thumb Code     2  at32f421_int.o(i.TMR16_GLOBAL_IRQHandler)
    TMR1_BRK_OVF_TRG_HALL_IRQHandler         0x0800082f   Thumb Code     2  at32f421_int.o(i.TMR1_BRK_OVF_TRG_HALL_IRQHandler)
    TMR1_CH_IRQHandler                       0x08000831   Thumb Code     2  at32f421_int.o(i.TMR1_CH_IRQHandler)
    TMR3_GLOBAL_IRQHandler                   0x08000833   Thumb Code     2  at32f421_int.o(i.TMR3_GLOBAL_IRQHandler)
    USART1_IRQHandler                        0x08000835   Thumb Code     2  at32f421_int.o(i.USART1_IRQHandler)
    USART2_IRQHandler                        0x08000837   Thumb Code     2  at32f421_int.o(i.USART2_IRQHandler)
    USB_debug_init                           0x08000839   Thumb Code     2  usb_debug.o(i.USB_debug_init)
    USB_debug_run                            0x0800083b   Thumb Code     2  usb_debug.o(i.USB_debug_run)
    UsageFault_Handler                       0x0800083d   Thumb Code     4  at32f421_int.o(i.UsageFault_Handler)
    delay_init()                             0x08000841   Thumb Code    38  delay.o(i._Z10delay_initv)
    get_time64()                             0x08000879   Thumb Code    46  time64.o(i._Z10get_time64v)
    AS5600_init()                            0x080008b1   Thumb Code    12  amcu.o(i._Z11AS5600_initv)
    set_cxx_buf(unsigned char*, unsigned char*, int) 0x080008c1   Thumb Code    48  bambubus.o(i._Z11set_cxx_bufPhS_i)
    AMCU_bus_run()                           0x080008f5   Thumb Code    84  amcu.o(i._Z12AMCU_bus_runv)
    IIC_Wait_Ack()                           0x08000951   Thumb Code    66  myiic.o(i._Z12IIC_Wait_Ackv)
    reverse8bits(unsigned char)              0x08000993   Thumb Code    42  crcfastreverse.o(i._Z12reverse8bitsh)
    send_for_Cxx(unsigned char*, int)        0x080009bd   Thumb Code    68  bambubus.o(i._Z12send_for_CxxPhi)
    send_for_Dxx(unsigned char*, int)        0x08000a09   Thumb Code   564  bambubus.o(i._Z12send_for_DxxPhi)
    send_for_Fxx(unsigned char*, int)        0x08000c59   Thumb Code    36  bambubus.o(i._Z12send_for_FxxPhi)
    AMCU_bus_init()                          0x08000c81   Thumb Code     2  amcu.o(i._Z13AMCU_bus_initv)
    Bambubus_save()                          0x08000c83   Thumb Code     2  bambubus.o(i._Z13Bambubus_savev)
    IIC_Read_Byte(unsigned char)             0x08000c85   Thumb Code    76  myiic.o(i._Z13IIC_Read_Byteh)
    IIC_Send_Byte(unsigned char)             0x08000cd1   Thumb Code    68  myiic.o(i._Z13IIC_Send_Byteh)
    reverse16bits(unsigned short)            0x08000d15   Thumb Code    68  crcfastreverse.o(i._Z13reverse16bitst)
    sda_bits_read()                          0x08000d59   Thumb Code    20  myiic.o(i._Z13sda_bits_readv)
    debug_send_run()                         0x08000d71   Thumb Code     2  amcu.o(i._Z14debug_send_runv)
    scl_bits_write(unsigned char)            0x08000d75   Thumb Code    32  myiic.o(i._Z14scl_bits_writeh)
    sda_bits_write(unsigned char)            0x08000d99   Thumb Code    32  myiic.o(i._Z14sda_bits_writeh)
    get_packge_type(unsigned char*, int)     0x08000dbd   Thumb Code   210  bambubus.o(i._Z15get_packge_typePhi)
    AMCU_check_crc16(unsigned char*, int)    0x08000e99   Thumb Code    70  amcu.o(i._Z16AMCU_check_crc16Phi)
    BambuBUS_UART_Init(unsigned)             0x08000ee5   Thumb Code     2  bambubus.o(i._Z18BambuBUS_UART_Initj)
    package_check_crc16(unsigned char*, int) 0x08000ee9   Thumb Code    70  bambubus.o(i._Z19package_check_crc16Phi)
    AS5600_get_distance_E()                  0x08000f35   Thumb Code   138  amcu.o(i._Z21AS5600_get_distance_Ev)
    package_send_with_crc(unsigned char*, int) 0x08000fe1   Thumb Code   132  bambubus.o(i._Z21package_send_with_crcPhi)
    send_for_Set_filament(unsigned char*, int) 0x0800106d   Thumb Code   230  bambubus.o(i._Z21send_for_Set_filamentPhi)
    get_filament_left_char(unsigned char)    0x0800115d   Thumb Code    54  bambubus.o(i._Z22get_filament_left_charh)
    AMCU_bus_deal_read_stu_res(unsigned char*, int) 0x08001199   Thumb Code    78  amcu.o(i._Z26AMCU_bus_deal_read_stu_resPhi)
    Bambubus_long_package_send(long_packge_data*) 0x080011ed   Thumb Code    68  bambubus.o(i._Z26Bambubus_long_package_sendP16long_packge_data)
    AMCU_bus_deal_set_motion_res(unsigned char*, int) 0x08001235   Thumb Code    12  amcu.o(i._Z28AMCU_bus_deal_set_motion_resPhi)
    send_for_long_packge_version(unsigned char*, int) 0x08001241   Thumb Code   174  bambubus.o(i._Z28send_for_long_packge_versionPhi)
    send_for_long_packge_filament(unsigned char*, int) 0x08001305   Thumb Code   316  bambubus.o(i._Z29send_for_long_packge_filamentPhi)
    Bambubus_long_package_analysis(unsigned char*, int, long_packge_data*) 0x0800144d   Thumb Code    38  bambubus.o(i._Z30Bambubus_long_package_analysisPhiP16long_packge_data)
    send_for_long_packge_MC_online(unsigned char*, int) 0x08001475   Thumb Code   120  bambubus.o(i._Z30send_for_long_packge_MC_onlinePhi)
    SDA_IN()                                 0x080014f5   Thumb Code    20  myiic.o(i._Z6SDA_INv)
    IIC_Ack()                                0x0800150d   Thumb Code    44  myiic.o(i._Z7IIC_Ackv)
    SDA_OUT()                                0x08001539   Thumb Code    24  myiic.o(i._Z7SDA_OUTv)
    IIC_Init()                               0x08001555   Thumb Code    66  myiic.o(i._Z8IIC_Initv)
    IIC_NAck()                               0x080015a1   Thumb Code    44  myiic.o(i._Z8IIC_NAckv)
    IIC_Stop()                               0x080015cd   Thumb Code    44  myiic.o(i._Z8IIC_Stopv)
    delay_us(unsigned)                       0x080015f9   Thumb Code    72  delay.o(i._Z8delay_usj)
    IIC_Start()                              0x08001645   Thumb Code    44  myiic.o(i._Z9IIC_Startv)
    send_uart(const unsigned char*, unsigned short) 0x08001671   Thumb Code     2  bambubus.o(i._Z9send_uartPKht)
    CRC8::add(unsigned char)                 0x080016ed   Thumb Code    22  crc8.o(i._ZN4CRC83addEh)
    CRC8::_add(unsigned char)                0x08001703   Thumb Code    72  crc8.o(i._ZN4CRC84_addEh)
    CRC8::reset(unsigned char, unsigned char, unsigned char, bool, bool) 0x0800174b   Thumb Code    28  crc8.o(i._ZN4CRC85resetEhhhbb)
    CRC8::restart()                          0x08001767   Thumb Code    10  crc8.o(i._ZN4CRC87restartEv)
    CRC8::CRC8(unsigned char, unsigned char, unsigned char, bool, bool) 0x08001771   Thumb Code    24  crc8.o(i._ZN4CRC8C1Ehhhbb)
    CRC8::CRC8__sub_object(unsigned char, unsigned char, unsigned char, bool, bool) 0x08001771   Thumb Code     0  crc8.o(i._ZN4CRC8C1Ehhhbb)
    CRC16::add(unsigned char)                0x08001789   Thumb Code    22  crc16.o(i._ZN5CRC163addEh)
    CRC16::_add(unsigned char)               0x0800179f   Thumb Code    82  crc16.o(i._ZN5CRC164_addEh)
    CRC16::reset(unsigned short, unsigned short, unsigned short, bool, bool) 0x080017f1   Thumb Code    28  crc16.o(i._ZN5CRC165resetEtttbb)
    CRC16::restart()                         0x0800180d   Thumb Code    10  crc16.o(i._ZN5CRC167restartEv)
    CRC16::CRC16(unsigned short, unsigned short, unsigned short, bool, bool) 0x08001817   Thumb Code    24  crc16.o(i._ZN5CRC16C1Etttbb)
    CRC16::CRC16__sub_object(unsigned short, unsigned short, unsigned short, bool, bool) 0x08001817   Thumb Code     0  crc16.o(i._ZN5CRC16C1Etttbb)
    AS5600::isConnected()                    0x0800182f   Thumb Code     6  as5600.o(i._ZN6AS560011isConnectedEv)
    AS5600::AS5600_Read8(unsigned char, unsigned char, unsigned char, unsigned char*) 0x08001835   Thumb Code   108  as5600.o(i._ZN6AS560012AS5600_Read8EhhhPh)
    AS5600::setDirection(unsigned char)      0x080018a1   Thumb Code     4  as5600.o(i._ZN6AS560012setDirectionEh)
    AS5600::begin(unsigned char)             0x080018a5   Thumb Code    50  as5600.o(i._ZN6AS56005beginEh)
    AS5600::rawAngle()                       0x080018d7   Thumb Code    52  as5600.o(i._ZN6AS56008rawAngleEv)
    AS5600::readReg2(unsigned char)          0x0800190b   Thumb Code    72  as5600.o(i._ZN6AS56008readReg2Eh)
    _filament::_filament()                   0x08001955   Thumb Code    78  bambubus.o(i._ZN9_filamentC1Ev)
    _filament::_filament__sub_object()       0x08001955   Thumb Code     0  bambubus.o(i._ZN9_filamentC1Ev)
    CRC8::calc() const                       0x080019ad   Thumb Code    26  crc8.o(i._ZNK4CRC84calcEv)
    CRC16::calc() const                      0x080019c7   Thumb Code    26  crc16.o(i._ZNK5CRC164calcEv)
    __aeabi_vec_ctor_nocookie_nodtor         0x080019e1   Thumb Code    36  aeabi_vec_ctor_nocookie_nodtor.o(i.__aeabi_vec_ctor_nocookie_nodtor)
    add_filament_meters                      0x08001add   Thumb Code     2  bambubus.o(i.add_filament_meters)
    crm_ahb_div_set                          0x08001ae1   Thumb Code    14  at32f421_crm.o(i.crm_ahb_div_set)
    crm_apb1_div_set                         0x08001af5   Thumb Code    14  at32f421_crm.o(i.crm_apb1_div_set)
    crm_apb2_div_set                         0x08001b09   Thumb Code    14  at32f421_crm.o(i.crm_apb2_div_set)
    crm_auto_step_mode_enable                0x08001b1d   Thumb Code    34  at32f421_crm.o(i.crm_auto_step_mode_enable)
    crm_clock_source_enable                  0x08001b45   Thumb Code    90  at32f421_crm.o(i.crm_clock_source_enable)
    crm_clocks_freq_get                      0x08001ba5   Thumb Code   396  at32f421_crm.o(i.crm_clocks_freq_get)
    crm_flag_get                             0x08001d51   Thumb Code    42  at32f421_crm.o(i.crm_flag_get)
    crm_periph_clock_enable                  0x08001d81   Thumb Code    62  at32f421_crm.o(i.crm_periph_clock_enable)
    crm_pll_config                           0x08001dc5   Thumb Code   224  at32f421_crm.o(i.crm_pll_config)
    crm_reset                                0x08001ed9   Thumb Code    90  at32f421_crm.o(i.crm_reset)
    crm_sysclk_switch                        0x08001f3d   Thumb Code    54  at32f421_crm.o(i.crm_sysclk_switch)
    crm_sysclk_switch_status_get             0x08001f79   Thumb Code    10  at32f421_crm.o(i.crm_sysclk_switch_status_get)
    get_filament_motion                      0x08001f89   Thumb Code     4  bambubus.o(i.get_filament_motion)
    get_now_filament_num                     0x08001f8d   Thumb Code     4  bambubus.o(i.get_now_filament_num)
    gpio_bits_reset                          0x08001f91   Thumb Code     4  at32f421_gpio.o(i.gpio_bits_reset)
    gpio_bits_write                          0x08001f95   Thumb Code    10  at32f421_gpio.o(i.gpio_bits_write)
    gpio_default_para_init                   0x08001f9f   Thumb Code    20  at32f421_gpio.o(i.gpio_default_para_init)
    gpio_init                                0x08001fb3   Thumb Code   122  at32f421_gpio.o(i.gpio_init)
    gpio_input_data_bit_read                 0x0800202d   Thumb Code    18  at32f421_gpio.o(i.gpio_input_data_bit_read)
    gpio_pin_mux_config                      0x0800203f   Thumb Code    66  at32f421_gpio.o(i.gpio_pin_mux_config)
    main                                     0x08002081   Thumb Code    60  main.o(i.main)
    nvic_irq_enable                          0x080020bd   Thumb Code   190  at32f421_misc.o(i.nvic_irq_enable)
    nvic_priority_group_config               0x08002185   Thumb Code    32  at32f421_misc.o(i.nvic_priority_group_config)
    set_filament_online                      0x080021ad   Thumb Code     2  bambubus.o(i.set_filament_online)
    system_core_clock_update                 0x080021b1   Thumb Code   316  system_at32f421.o(i.system_core_clock_update)
    systick_clock_source_config              0x08002305   Thumb Code    40  at32f421_misc.o(i.systick_clock_source_config)
    tmr_base_init                            0x0800232d   Thumb Code    16  at32f421_tmr.o(i.tmr_base_init)
    tmr_brkdt_config                         0x0800233d   Thumb Code    72  at32f421_tmr.o(i.tmr_brkdt_config)
    tmr_channel_value_set                    0x08002385   Thumb Code    40  at32f421_tmr.o(i.tmr_channel_value_set)
    tmr_clock_source_div_set                 0x080023ad   Thumb Code    10  at32f421_tmr.o(i.tmr_clock_source_div_set)
    tmr_cnt_dir_set                          0x080023b7   Thumb Code    10  at32f421_tmr.o(i.tmr_cnt_dir_set)
    tmr_counter_enable                       0x080023c1   Thumb Code    10  at32f421_tmr.o(i.tmr_counter_enable)
    tmr_output_channel_buffer_enable         0x080023cb   Thumb Code    66  at32f421_tmr.o(i.tmr_output_channel_buffer_enable)
    tmr_output_channel_config                0x0800240d   Thumb Code   416  at32f421_tmr.o(i.tmr_output_channel_config)
    tmr_output_channel_immediately_set       0x080025ad   Thumb Code    66  at32f421_tmr.o(i.tmr_output_channel_immediately_set)
    tmr_output_enable                        0x080025ef   Thumb Code    10  at32f421_tmr.o(i.tmr_output_enable)
    tmr_period_buffer_enable                 0x080025f9   Thumb Code    10  at32f421_tmr.o(i.tmr_period_buffer_enable)
    tmr_primary_mode_select                  0x08002603   Thumb Code    10  at32f421_tmr.o(i.tmr_primary_mode_select)
    tmr_repetition_counter_set               0x0800260d   Thumb Code    10  at32f421_tmr.o(i.tmr_repetition_counter_set)
    tmr_sub_sync_mode_set                    0x08002617   Thumb Code    10  at32f421_tmr.o(i.tmr_sub_sync_mode_set)
    usart_enable                             0x08002621   Thumb Code    10  at32f421_usart.o(i.usart_enable)
    usart_hardware_flow_control_set          0x0800262b   Thumb Code   102  at32f421_usart.o(i.usart_hardware_flow_control_set)
    usart_init                               0x08002691   Thumb Code   102  at32f421_usart.o(i.usart_init)
    usart_parity_selection_config            0x080026fd   Thumb Code    76  at32f421_usart.o(i.usart_parity_selection_config)
    usart_receiver_enable                    0x08002749   Thumb Code    10  at32f421_usart.o(i.usart_receiver_enable)
    usart_transmitter_enable                 0x08002753   Thumb Code    10  at32f421_usart.o(i.usart_transmitter_enable)
    wk_gpio_config                           0x0800275d   Thumb Code   232  at32f421_wk_config.o(i.wk_gpio_config)
    wk_nvic_config                           0x0800284d   Thumb Code   252  at32f421_wk_config.o(i.wk_nvic_config)
    wk_periph_clock_config                   0x08002949   Thumb Code    78  at32f421_wk_config.o(i.wk_periph_clock_config)
    wk_system_clock_config                   0x080029a5   Thumb Code   134  at32f421_wk_config.o(i.wk_system_clock_config)
    wk_tmr16_init                            0x08002a35   Thumb Code   232  at32f421_wk_config.o(i.wk_tmr16_init)
    wk_tmr1_init                             0x08002b25   Thumb Code    72  at32f421_wk_config.o(i.wk_tmr1_init)
    wk_tmr3_init                             0x08002b71   Thumb Code   548  at32f421_wk_config.o(i.wk_tmr3_init)
    wk_usart1_init                           0x08002d9d   Thumb Code   212  at32f421_wk_config.o(i.wk_usart1_init)
    wk_usart2_init                           0x08002e75   Thumb Code   164  at32f421_wk_config.o(i.wk_usart2_init)
    __aeabi_d2f                              0x08002f1d   Thumb Code     0  d2f.o(x$fpl$d2f)
    _d2f                                     0x08002f1d   Thumb Code    98  d2f.o(x$fpl$d2f)
    __aeabi_ddiv                             0x08002f81   Thumb Code     0  ddiv.o(x$fpl$ddiv)
    _ddiv                                    0x08002f81   Thumb Code   552  ddiv.o(x$fpl$ddiv)
    __aeabi_dmul                             0x08003231   Thumb Code     0  dmul.o(x$fpl$dmul)
    _dmul                                    0x08003231   Thumb Code   332  dmul.o(x$fpl$dmul)
    __fpl_dnaninf                            0x08003385   Thumb Code   156  dnaninf.o(x$fpl$dnaninf)
    __fpl_dretinf                            0x08003421   Thumb Code    12  dretinf.o(x$fpl$dretinf)
    __aeabi_f2d                              0x0800342d   Thumb Code     0  f2d.o(x$fpl$f2d)
    _f2d                                     0x0800342d   Thumb Code    86  f2d.o(x$fpl$f2d)
    __aeabi_i2f                              0x08003485   Thumb Code     0  fflt_clz.o(x$fpl$fflt)
    _fflt                                    0x08003485   Thumb Code    48  fflt_clz.o(x$fpl$fflt)
    __fpl_fnaninf                            0x080034b5   Thumb Code   140  fnaninf.o(x$fpl$fnaninf)
    __fpl_fretinf                            0x08003541   Thumb Code    10  fretinf.o(x$fpl$fretinf)
    __I$use$fp                               0x0800354a   Number         0  usenofp.o(x$fpl$usenofp)
    Region$$Table$$Base                      0x08003594   Number         0  anon$$obj.o(Region$$Table)
    Region$$Table$$Limit                     0x080035b4   Number         0  anon$$obj.o(Region$$Table)
    SHT$$INIT_ARRAY$$Base                    0x080035b4   Number         0  amcu.o(.init_array)
    SHT$$INIT_ARRAY$$Limit                   0x080035bc   Number         0  init_aeabi.o(.init_array)
    system_core_clock                        0x20000008   Data           4  system_at32f421.o(.data)
    distance_count                           0x20000010   Data           8  amcu.o(.data)
    if_as5600_init                           0x20000018   Data           1  amcu.o(.data)
    AMCU_bus_have_data                       0x2000001c   Data           4  amcu.o(.data)
    AMCU_bus_send_read_stu_str               0x20000020   Data           8  amcu.o(.data)
    motion                                   0x20000028   Data           1  amcu.o(.data)
    AMCU_bus_send_read_motion_str            0x20000029   Data           9  amcu.o(.data)
    BambuBus_have_data                       0x20000048   Data           4  bambubus.o(.data)
    BambuBus_address                         0x2000004c   Data           2  bambubus.o(.data)
    Bambubus_need_to_save                    0x2000004e   Data           1  bambubus.o(.data)
    TX_IDLE                                  0x2000004f   Data           1  bambubus.o(.data)
    need_debug                               0x20000050   Data           1  bambubus.o(.data)
    package_num                              0x20000051   Data           1  bambubus.o(.data)
    Cxx_res                                  0x20000052   Data          44  bambubus.o(.data)
    Dxx_res                                  0x2000007e   Data          60  bambubus.o(.data)
    Dxx_res2                                 0x200000ba   Data          60  bambubus.o(.data)
    need_res_for_06                          0x200000f6   Data           1  bambubus.o(.data)
    res_for_06_num                           0x200000f7   Data           1  bambubus.o(.data)
    last_detect                              0x200000f8   Data           4  bambubus.o(.data)
    filament_flag_detected                   0x200000fc   Data           1  bambubus.o(.data)
    REQx6_res                                0x200000fd   Data          60  bambubus.o(.data)
    online_detect_num2                       0x20000139   Data          16  bambubus.o(.data)
    online_detect_num                        0x20000149   Data          16  bambubus.o(.data)
    F00_res                                  0x20000159   Data          29  bambubus.o(.data)
    NFC_detect_res                           0x20000176   Data          13  bambubus.o(.data)
    long_packge_MC_online                    0x20000183   Data           6  bambubus.o(.data)
    long_packge_filament                     0x20000189   Data         131  bambubus.o(.data)
    long_packge_version_serial_number_AMS_lite 0x2000020c   Data          66  bambubus.o(.data)
    long_packge_version_serial_number_AMS08  0x2000024e   Data          66  bambubus.o(.data)
    long_packge_version_version_and_name_AMS_lite 0x20000290   Data          21  bambubus.o(.data)
    long_packge_version_version_and_name_AMS08 0x200002a5   Data          21  bambubus.o(.data)
    s                                        0x200002ba   Data           1  bambubus.o(.data)
    Set_filament_res                         0x200002bb   Data           8  bambubus.o(.data)
    _time64_time_H                           0x200002d8   Data           8  time64.o(.data)
    _time64_time_L                           0x200002e0   Data           4  time64.o(.data)
    as5600                                   0x200002e4   Data          24  amcu.o(.bss)
    AMCU_bus_need_to_waiting_slave           0x200002fc   Data          16  amcu.o(.bss)
    AMCU_bus_CRC8                            0x2000030c   Data          12  amcu.o(.bss)
    AMCU_bus_CRC16                           0x20000318   Data          16  amcu.o(.bss)
    _AMCU_bus_data_buf                       0x20000328   Data         100  amcu.o(.bss)
    _AMCU_RX_IRQ_crcx                        0x2000038c   Data          12  amcu.o(.bss)
    AMCU_bus_bufx                            0x20000398   Data         100  amcu.o(.bss)
    crc_16                                   0x200003fc   Data          16  bambubus.o(.bss)
    crc_8                                    0x2000040c   Data          12  bambubus.o(.bss)
    BambuBus_data_buf                        0x20000418   Data        1000  bambubus.o(.bss)
    data_save                                0x20000800   Data         776  bambubus.o(.bss)
    buf_X                                    0x20000b08   Data        1000  bambubus.o(.bss)
    _RX_IRQ_crcx                             0x20000ef0   Data          12  bambubus.o(.bss)
    _rx_bufx                                 0x20000efc   Data          64  bambubus.o(.bss)
    _tx_bufx                                 0x20000f3c   Data          64  bambubus.o(.bss)
    packge_send_buf                          0x20000f7c   Data        1000  bambubus.o(.bss)
    printer_data_long                        0x20001364   Data          17  bambubus.o(.bss)
    __libspace_start                         0x20001378   Data          96  libspace.o(.bss)
    __temporary_stack_top$libspace           0x200013d8   Data           0  libspace.o(.bss)



==============================================================================

Memory Map of the image

  Image Entry point : 0x080000cd

  Load Region LR_IROM1 (Base: 0x08000000, Size: 0x000038a0, Max: 0x00010000, ABSOLUTE, COMPRESSED[0x000036b8])

    Execution Region ER_IROM1 (Exec base: 0x08000000, Load base: 0x08000000, Size: 0x000035bc, Max: 0x00010000, ABSOLUTE)

    Exec Addr    Load Addr    Size         Type   Attr      Idx    E Section Name        Object

    0x08000000   0x08000000   0x000000cc   Data   RO         1998    RESET               startup_at32f421.o
    0x080000cc   0x080000cc   0x00000008   Code   RO         3354  * !!!main             c_w.l(__main.o)
    0x080000d4   0x080000d4   0x00000034   Code   RO         3712    !!!scatter          c_w.l(__scatter.o)
    0x08000108   0x08000108   0x0000005a   Code   RO         3710    !!dczerorl2         c_w.l(__dczerorl2.o)
    0x08000162   0x08000162   0x00000002   PAD
    0x08000164   0x08000164   0x0000001c   Code   RO         3714    !!handler_zi        c_w.l(__scatter_zi.o)
    0x08000180   0x08000180   0x00000002   Code   RO         3512    .ARM.Collect$$libinit$$00000000  c_w.l(libinit.o)
    0x08000182   0x08000182   0x00000000   Code   RO         3411    .ARM.Collect$$libinit$$00000002  c_w.l(libinit2.o)
    0x08000182   0x08000182   0x00000000   Code   RO         3413    .ARM.Collect$$libinit$$00000004  c_w.l(libinit2.o)
    0x08000182   0x08000182   0x00000000   Code   RO         3416    .ARM.Collect$$libinit$$0000000A  c_w.l(libinit2.o)
    0x08000182   0x08000182   0x00000000   Code   RO         3418    .ARM.Collect$$libinit$$0000000C  c_w.l(libinit2.o)
    0x08000182   0x08000182   0x00000000   Code   RO         3420    .ARM.Collect$$libinit$$0000000E  c_w.l(libinit2.o)
    0x08000182   0x08000182   0x00000000   Code   RO         3423    .ARM.Collect$$libinit$$00000011  c_w.l(libinit2.o)
    0x08000182   0x08000182   0x00000000   Code   RO         3425    .ARM.Collect$$libinit$$00000013  c_w.l(libinit2.o)
    0x08000182   0x08000182   0x00000000   Code   RO         3427    .ARM.Collect$$libinit$$00000015  c_w.l(libinit2.o)
    0x08000182   0x08000182   0x00000000   Code   RO         3429    .ARM.Collect$$libinit$$00000017  c_w.l(libinit2.o)
    0x08000182   0x08000182   0x00000000   Code   RO         3431    .ARM.Collect$$libinit$$00000019  c_w.l(libinit2.o)
    0x08000182   0x08000182   0x00000000   Code   RO         3433    .ARM.Collect$$libinit$$0000001B  c_w.l(libinit2.o)
    0x08000182   0x08000182   0x00000000   Code   RO         3435    .ARM.Collect$$libinit$$0000001D  c_w.l(libinit2.o)
    0x08000182   0x08000182   0x00000000   Code   RO         3437    .ARM.Collect$$libinit$$0000001F  c_w.l(libinit2.o)
    0x08000182   0x08000182   0x00000000   Code   RO         3439    .ARM.Collect$$libinit$$00000021  c_w.l(libinit2.o)
    0x08000182   0x08000182   0x00000000   Code   RO         3441    .ARM.Collect$$libinit$$00000023  c_w.l(libinit2.o)
    0x08000182   0x08000182   0x00000000   Code   RO         3443    .ARM.Collect$$libinit$$00000025  c_w.l(libinit2.o)
    0x08000182   0x08000182   0x00000000   Code   RO         3447    .ARM.Collect$$libinit$$0000002C  c_w.l(libinit2.o)
    0x08000182   0x08000182   0x00000000   Code   RO         3449    .ARM.Collect$$libinit$$0000002E  c_w.l(libinit2.o)
    0x08000182   0x08000182   0x00000000   Code   RO         3451    .ARM.Collect$$libinit$$00000030  c_w.l(libinit2.o)
    0x08000182   0x08000182   0x00000004   Code   RO         3452    .ARM.Collect$$libinit$$00000031  c_w.l(libinit2.o)
    0x08000186   0x08000186   0x00000000   Code   RO         3453    .ARM.Collect$$libinit$$00000032  c_w.l(libinit2.o)
    0x08000186   0x08000186   0x00000002   Code   RO         3454    .ARM.Collect$$libinit$$00000033  c_w.l(libinit2.o)
    0x08000188   0x08000188   0x00000002   Code   RO         3673    .ARM.Collect$$libshutdown$$00000000  c_w.l(libshutdown.o)
    0x0800018a   0x0800018a   0x00000000   Code   RO         3689    .ARM.Collect$$libshutdown$$00000002  c_w.l(libshutdown2.o)
    0x0800018a   0x0800018a   0x00000000   Code   RO         3691    .ARM.Collect$$libshutdown$$00000004  c_w.l(libshutdown2.o)
    0x0800018a   0x0800018a   0x00000000   Code   RO         3694    .ARM.Collect$$libshutdown$$00000007  c_w.l(libshutdown2.o)
    0x0800018a   0x0800018a   0x00000000   Code   RO         3697    .ARM.Collect$$libshutdown$$0000000A  c_w.l(libshutdown2.o)
    0x0800018a   0x0800018a   0x00000000   Code   RO         3699    .ARM.Collect$$libshutdown$$0000000C  c_w.l(libshutdown2.o)
    0x0800018a   0x0800018a   0x00000000   Code   RO         3702    .ARM.Collect$$libshutdown$$0000000F  c_w.l(libshutdown2.o)
    0x0800018a   0x0800018a   0x00000002   Code   RO         3703    .ARM.Collect$$libshutdown$$00000010  c_w.l(libshutdown2.o)
    0x0800018c   0x0800018c   0x00000000   Code   RO         3405    .ARM.Collect$$rtentry$$00000000  c_w.l(__rtentry.o)
    0x0800018c   0x0800018c   0x00000000   Code   RO         3472    .ARM.Collect$$rtentry$$00000002  c_w.l(__rtentry2.o)
    0x0800018c   0x0800018c   0x00000006   Code   RO         3484    .ARM.Collect$$rtentry$$00000004  c_w.l(__rtentry4.o)
    0x08000192   0x08000192   0x00000000   Code   RO         3474    .ARM.Collect$$rtentry$$00000009  c_w.l(__rtentry2.o)
    0x08000192   0x08000192   0x00000004   Code   RO         3475    .ARM.Collect$$rtentry$$0000000A  c_w.l(__rtentry2.o)
    0x08000196   0x08000196   0x00000000   Code   RO         3477    .ARM.Collect$$rtentry$$0000000C  c_w.l(__rtentry2.o)
    0x08000196   0x08000196   0x00000008   Code   RO         3478    .ARM.Collect$$rtentry$$0000000D  c_w.l(__rtentry2.o)
    0x0800019e   0x0800019e   0x00000002   Code   RO         3525    .ARM.Collect$$rtexit$$00000000  c_w.l(rtexit.o)
    0x080001a0   0x080001a0   0x00000000   Code   RO         3613    .ARM.Collect$$rtexit$$00000002  c_w.l(rtexit2.o)
    0x080001a0   0x080001a0   0x00000004   Code   RO         3614    .ARM.Collect$$rtexit$$00000003  c_w.l(rtexit2.o)
    0x080001a4   0x080001a4   0x00000006   Code   RO         3615    .ARM.Collect$$rtexit$$00000004  c_w.l(rtexit2.o)
    0x080001aa   0x080001aa   0x00000002   PAD
    0x080001ac   0x080001ac   0x00000040   Code   RO         1999    .text               startup_at32f421.o
    0x080001ec   0x080001ec   0x000000ee   Code   RO         3344    .text               c_w.l(lludivv7m.o)
    0x080002da   0x080002da   0x0000008a   Code   RO         3346    .text               c_w.l(rt_memcpy_v6.o)
    0x08000364   0x08000364   0x00000064   Code   RO         3348    .text               c_w.l(rt_memcpy_w.o)
    0x080003c8   0x080003c8   0x0000004e   Code   RO         3350    .text               c_w.l(rt_memclr_w.o)
    0x08000416   0x08000416   0x00000006   Code   RO         3352    .text               c_w.l(heapauxi.o)
    0x0800041c   0x0800041c   0x00000024   Code   RO         3359    .text               c_w.l(init_aeabi.o)
    0x08000440   0x08000440   0x0000004a   Code   RO         3495    .text               c_w.l(sys_stackheap_outer.o)
    0x0800048a   0x0800048a   0x00000012   Code   RO         3497    .text               c_w.l(exit.o)
    0x0800049c   0x0800049c   0x00000008   Code   RO         3522    .text               c_w.l(libspace.o)
    0x080004a4   0x080004a4   0x0000000c   Code   RO         3605    .text               c_w.l(sys_exit.o)
    0x080004b0   0x080004b0   0x00000002   Code   RO         3607    .text               c_w.l(use_no_semi.o)
    0x080004b2   0x080004b2   0x00000000   Code   RO         3611    .text               c_w.l(indicate_semi.o)
    0x080004b2   0x080004b2   0x00000010   Code   RO         2720    i.AMCU_init         amcu.o
    0x080004c2   0x080004c2   0x00000002   PAD
    0x080004c4   0x080004c4   0x00000088   Code   RO         2721    i.AMCU_run          amcu.o
    0x0800054c   0x0800054c   0x00000170   Code   RO         2939    i.BambuBus_init     bambubus.o
    0x080006bc   0x080006bc   0x000000dc   Code   RO         2940    i.BambuBus_run      bambubus.o
    0x08000798   0x08000798   0x00000004   Code   RO         2941    i.Bambubus_read     bambubus.o
    0x0800079c   0x0800079c   0x0000000c   Code   RO         2942    i.Bambubus_set_need_to_save  bambubus.o
    0x080007a8   0x080007a8   0x00000004   Code   RO            4    i.BusFault_Handler  at32f421_int.o
    0x080007ac   0x080007ac   0x00000002   Code   RO            5    i.DebugMon_Handler  at32f421_int.o
    0x080007ae   0x080007ae   0x00000004   Code   RO            6    i.HardFault_Handler  at32f421_int.o
    0x080007b2   0x080007b2   0x00000004   Code   RO            7    i.MemManage_Handler  at32f421_int.o
    0x080007b6   0x080007b6   0x00000002   Code   RO            8    i.NMI_Handler       at32f421_int.o
    0x080007b8   0x080007b8   0x00000002   Code   RO            9    i.PendSV_Handler    at32f421_int.o
    0x080007ba   0x080007ba   0x00000002   Code   RO           10    i.SVC_Handler       at32f421_int.o
    0x080007bc   0x080007bc   0x00000002   Code   RO           11    i.SysTick_Handler   at32f421_int.o
    0x080007be   0x080007be   0x00000002   PAD
    0x080007c0   0x080007c0   0x0000006c   Code   RO         1960    i.SystemInit        system_at32f421.o
    0x0800082c   0x0800082c   0x00000002   Code   RO           12    i.TMR16_GLOBAL_IRQHandler  at32f421_int.o
    0x0800082e   0x0800082e   0x00000002   Code   RO           13    i.TMR1_BRK_OVF_TRG_HALL_IRQHandler  at32f421_int.o
    0x08000830   0x08000830   0x00000002   Code   RO           14    i.TMR1_CH_IRQHandler  at32f421_int.o
    0x08000832   0x08000832   0x00000002   Code   RO           15    i.TMR3_GLOBAL_IRQHandler  at32f421_int.o
    0x08000834   0x08000834   0x00000002   Code   RO           16    i.USART1_IRQHandler  at32f421_int.o
    0x08000836   0x08000836   0x00000002   Code   RO           17    i.USART2_IRQHandler  at32f421_int.o
    0x08000838   0x08000838   0x00000002   Code   RO         3280    i.USB_debug_init    usb_debug.o
    0x0800083a   0x0800083a   0x00000002   Code   RO         3281    i.USB_debug_run     usb_debug.o
    0x0800083c   0x0800083c   0x00000004   Code   RO           18    i.UsageFault_Handler  at32f421_int.o
    0x08000840   0x08000840   0x00000038   Code   RO          397    i._Z10delay_initv   delay.o
    0x08000878   0x08000878   0x00000038   Code   RO         3251    i._Z10get_time64v   time64.o
    0x080008b0   0x080008b0   0x00000010   Code   RO         2722    i._Z11AS5600_initv  amcu.o
    0x080008c0   0x080008c0   0x00000034   Code   RO         2944    i._Z11set_cxx_bufPhS_i  bambubus.o
    0x080008f4   0x080008f4   0x0000005c   Code   RO         2723    i._Z12AMCU_bus_runv  amcu.o
    0x08000950   0x08000950   0x00000042   Code   RO         2268    i._Z12IIC_Wait_Ackv  myiic.o
    0x08000992   0x08000992   0x0000002a   Code   RO         2180    i._Z12reverse8bitsh  crcfastreverse.o
    0x080009bc   0x080009bc   0x0000004c   Code   RO         2945    i._Z12send_for_CxxPhi  bambubus.o
    0x08000a08   0x08000a08   0x00000250   Code   RO         2946    i._Z12send_for_DxxPhi  bambubus.o
    0x08000c58   0x08000c58   0x00000028   Code   RO         2947    i._Z12send_for_FxxPhi  bambubus.o
    0x08000c80   0x08000c80   0x00000002   Code   RO         2724    i._Z13AMCU_bus_initv  amcu.o
    0x08000c82   0x08000c82   0x00000002   Code   RO         2948    i._Z13Bambubus_savev  bambubus.o
    0x08000c84   0x08000c84   0x0000004c   Code   RO         2269    i._Z13IIC_Read_Byteh  myiic.o
    0x08000cd0   0x08000cd0   0x00000044   Code   RO         2270    i._Z13IIC_Send_Byteh  myiic.o
    0x08000d14   0x08000d14   0x00000044   Code   RO         2182    i._Z13reverse16bitst  crcfastreverse.o
    0x08000d58   0x08000d58   0x00000018   Code   RO         2271    i._Z13sda_bits_readv  myiic.o
    0x08000d70   0x08000d70   0x00000002   Code   RO         2727    i._Z14debug_send_runv  amcu.o
    0x08000d72   0x08000d72   0x00000002   PAD
    0x08000d74   0x08000d74   0x00000024   Code   RO         2272    i._Z14scl_bits_writeh  myiic.o
    0x08000d98   0x08000d98   0x00000024   Code   RO         2273    i._Z14sda_bits_writeh  myiic.o
    0x08000dbc   0x08000dbc   0x000000dc   Code   RO         2951    i._Z15get_packge_typePhi  bambubus.o
    0x08000e98   0x08000e98   0x0000004c   Code   RO         2729    i._Z16AMCU_check_crc16Phi  amcu.o
    0x08000ee4   0x08000ee4   0x00000002   Code   RO         2952    i._Z18BambuBUS_UART_Initj  bambubus.o
    0x08000ee6   0x08000ee6   0x00000002   PAD
    0x08000ee8   0x08000ee8   0x0000004c   Code   RO         2953    i._Z19package_check_crc16Phi  bambubus.o
    0x08000f34   0x08000f34   0x000000ac   Code   RO         2732    i._Z21AS5600_get_distance_Ev  amcu.o
    0x08000fe0   0x08000fe0   0x0000008c   Code   RO         2955    i._Z21package_send_with_crcPhi  bambubus.o
    0x0800106c   0x0800106c   0x000000f0   Code   RO         2956    i._Z21send_for_Set_filamentPhi  bambubus.o
    0x0800115c   0x0800115c   0x0000003c   Code   RO         2957    i._Z22get_filament_left_charh  bambubus.o
    0x08001198   0x08001198   0x00000054   Code   RO         2735    i._Z26AMCU_bus_deal_read_stu_resPhi  amcu.o
    0x080011ec   0x080011ec   0x00000048   Code   RO         2958    i._Z26Bambubus_long_package_sendP16long_packge_data  bambubus.o
    0x08001234   0x08001234   0x0000000c   Code   RO         2736    i._Z28AMCU_bus_deal_set_motion_resPhi  amcu.o
    0x08001240   0x08001240   0x000000c4   Code   RO         2960    i._Z28send_for_long_packge_versionPhi  bambubus.o
    0x08001304   0x08001304   0x00000148   Code   RO         2961    i._Z29send_for_long_packge_filamentPhi  bambubus.o
    0x0800144c   0x0800144c   0x00000026   Code   RO         2962    i._Z30Bambubus_long_package_analysisPhiP16long_packge_data  bambubus.o
    0x08001472   0x08001472   0x00000002   PAD
    0x08001474   0x08001474   0x00000080   Code   RO         2963    i._Z30send_for_long_packge_MC_onlinePhi  bambubus.o
    0x080014f4   0x080014f4   0x00000018   Code   RO         2274    i._Z6SDA_INv        myiic.o
    0x0800150c   0x0800150c   0x0000002c   Code   RO         2275    i._Z7IIC_Ackv       myiic.o
    0x08001538   0x08001538   0x0000001c   Code   RO         2276    i._Z7SDA_OUTv       myiic.o
    0x08001554   0x08001554   0x0000004c   Code   RO         2277    i._Z8IIC_Initv      myiic.o
    0x080015a0   0x080015a0   0x0000002c   Code   RO         2278    i._Z8IIC_NAckv      myiic.o
    0x080015cc   0x080015cc   0x0000002c   Code   RO         2279    i._Z8IIC_Stopv      myiic.o
    0x080015f8   0x080015f8   0x0000004c   Code   RO          400    i._Z8delay_usj      delay.o
    0x08001644   0x08001644   0x0000002c   Code   RO         2280    i._Z9IIC_Startv     myiic.o
    0x08001670   0x08001670   0x00000002   Code   RO         2965    i._Z9send_uartPKht  bambubus.o
    0x08001672   0x08001672   0x00000002   PAD
    0x08001674   0x08001674   0x00000028   Code   RO          189    i._ZN42_INTERNAL_20_at32f421_wk_config_c_7d0838b118__NVIC_SetPriorityE4IRQnj  at32f421_wk_config.o
    0x0800169c   0x0800169c   0x00000040   Code   RO          190    i._ZN42_INTERNAL_20_at32f421_wk_config_c_7d0838b119NVIC_EncodePriorityEjjj  at32f421_wk_config.o
    0x080016dc   0x080016dc   0x00000010   Code   RO          191    i._ZN42_INTERNAL_20_at32f421_wk_config_c_7d0838b126__NVIC_GetPriorityGroupingEv  at32f421_wk_config.o
    0x080016ec   0x080016ec   0x00000016   Code   RO         2008    i._ZN4CRC83addEh    crc8.o
    0x08001702   0x08001702   0x00000048   Code   RO         2009    i._ZN4CRC84_addEh   crc8.o
    0x0800174a   0x0800174a   0x0000001c   Code   RO         2010    i._ZN4CRC85resetEhhhbb  crc8.o
    0x08001766   0x08001766   0x0000000a   Code   RO         2011    i._ZN4CRC87restartEv  crc8.o
    0x08001770   0x08001770   0x00000018   Code   RO         2012    i._ZN4CRC8C1Ehhhbb  crc8.o
    0x08001788   0x08001788   0x00000016   Code   RO         2101    i._ZN5CRC163addEh   crc16.o
    0x0800179e   0x0800179e   0x00000052   Code   RO         2102    i._ZN5CRC164_addEh  crc16.o
    0x080017f0   0x080017f0   0x0000001c   Code   RO         2103    i._ZN5CRC165resetEtttbb  crc16.o
    0x0800180c   0x0800180c   0x0000000a   Code   RO         2104    i._ZN5CRC167restartEv  crc16.o
    0x08001816   0x08001816   0x00000018   Code   RO         2105    i._ZN5CRC16C1Etttbb  crc16.o
    0x0800182e   0x0800182e   0x00000006   Code   RO         2384    i._ZN6AS560011isConnectedEv  as5600.o
    0x08001834   0x08001834   0x0000006c   Code   RO         2387    i._ZN6AS560012AS5600_Read8EhhhPh  as5600.o
    0x080018a0   0x080018a0   0x00000004   Code   RO         2395    i._ZN6AS560012setDirectionEh  as5600.o
    0x080018a4   0x080018a4   0x00000032   Code   RO         2419    i._ZN6AS56005beginEh  as5600.o
    0x080018d6   0x080018d6   0x00000034   Code   RO         2423    i._ZN6AS56008rawAngleEv  as5600.o
    0x0800190a   0x0800190a   0x00000048   Code   RO         2424    i._ZN6AS56008readReg2Eh  as5600.o
    0x08001952   0x08001952   0x00000002   PAD
    0x08001954   0x08001954   0x00000058   Code   RO         3191    i._ZN9_filamentC1Ev  bambubus.o
    0x080019ac   0x080019ac   0x0000001a   Code   RO         2013    i._ZNK4CRC84calcEv  crc8.o
    0x080019c6   0x080019c6   0x0000001a   Code   RO         2106    i._ZNK5CRC164calcEv  crc16.o
    0x080019e0   0x080019e0   0x00000024   Code   RO         3362    i.__aeabi_vec_ctor_nocookie_nodtor  cpprt_w.l(aeabi_vec_ctor_nocookie_nodtor.o)
    0x08001a04   0x08001a04   0x00000070   Code   RO         2966    i.__sti___12_BambuBus_cpp_crc_16  bambubus.o
    0x08001a74   0x08001a74   0x00000068   Code   RO         2738    i.__sti___8_AMCU_cpp_as5600  amcu.o
    0x08001adc   0x08001adc   0x00000002   Code   RO         2967    i.add_filament_meters  bambubus.o
    0x08001ade   0x08001ade   0x00000002   PAD
    0x08001ae0   0x08001ae0   0x00000014   Code   RO          495    i.crm_ahb_div_set   at32f421_crm.o
    0x08001af4   0x08001af4   0x00000014   Code   RO          496    i.crm_apb1_div_set  at32f421_crm.o
    0x08001b08   0x08001b08   0x00000014   Code   RO          497    i.crm_apb2_div_set  at32f421_crm.o
    0x08001b1c   0x08001b1c   0x00000028   Code   RO          498    i.crm_auto_step_mode_enable  at32f421_crm.o
    0x08001b44   0x08001b44   0x00000060   Code   RO          503    i.crm_clock_source_enable  at32f421_crm.o
    0x08001ba4   0x08001ba4   0x000001ac   Code   RO          504    i.crm_clocks_freq_get  at32f421_crm.o
    0x08001d50   0x08001d50   0x00000030   Code   RO          508    i.crm_flag_get      at32f421_crm.o
    0x08001d80   0x08001d80   0x00000044   Code   RO          518    i.crm_periph_clock_enable  at32f421_crm.o
    0x08001dc4   0x08001dc4   0x00000114   Code   RO          521    i.crm_pll_config    at32f421_crm.o
    0x08001ed8   0x08001ed8   0x00000064   Code   RO          523    i.crm_reset         at32f421_crm.o
    0x08001f3c   0x08001f3c   0x0000003c   Code   RO          524    i.crm_sysclk_switch  at32f421_crm.o
    0x08001f78   0x08001f78   0x00000010   Code   RO          525    i.crm_sysclk_switch_status_get  at32f421_crm.o
    0x08001f88   0x08001f88   0x00000004   Code   RO         2969    i.get_filament_motion  bambubus.o
    0x08001f8c   0x08001f8c   0x00000004   Code   RO         2970    i.get_now_filament_num  bambubus.o
    0x08001f90   0x08001f90   0x00000004   Code   RO         1154    i.gpio_bits_reset   at32f421_gpio.o
    0x08001f94   0x08001f94   0x0000000a   Code   RO         1156    i.gpio_bits_write   at32f421_gpio.o
    0x08001f9e   0x08001f9e   0x00000014   Code   RO         1157    i.gpio_default_para_init  at32f421_gpio.o
    0x08001fb2   0x08001fb2   0x0000007a   Code   RO         1158    i.gpio_init         at32f421_gpio.o
    0x0800202c   0x0800202c   0x00000012   Code   RO         1159    i.gpio_input_data_bit_read  at32f421_gpio.o
    0x0800203e   0x0800203e   0x00000042   Code   RO         1163    i.gpio_pin_mux_config  at32f421_gpio.o
    0x08002080   0x08002080   0x0000003c   Code   RO          295    i.main              main.o
    0x080020bc   0x080020bc   0x000000c8   Code   RO         1890    i.nvic_irq_enable   at32f421_misc.o
    0x08002184   0x08002184   0x00000028   Code   RO         1892    i.nvic_priority_group_config  at32f421_misc.o
    0x080021ac   0x080021ac   0x00000002   Code   RO         2972    i.set_filament_online  bambubus.o
    0x080021ae   0x080021ae   0x00000002   PAD
    0x080021b0   0x080021b0   0x00000154   Code   RO         1961    i.system_core_clock_update  system_at32f421.o
    0x08002304   0x08002304   0x00000028   Code   RO         1895    i.systick_clock_source_config  at32f421_misc.o
    0x0800232c   0x0800232c   0x00000010   Code   RO          737    i.tmr_base_init     at32f421_tmr.o
    0x0800233c   0x0800233c   0x00000048   Code   RO          738    i.tmr_brkdt_config  at32f421_tmr.o
    0x08002384   0x08002384   0x00000028   Code   RO          745    i.tmr_channel_value_set  at32f421_tmr.o
    0x080023ac   0x080023ac   0x0000000a   Code   RO          746    i.tmr_clock_source_div_set  at32f421_tmr.o
    0x080023b6   0x080023b6   0x0000000a   Code   RO          747    i.tmr_cnt_dir_set   at32f421_tmr.o
    0x080023c0   0x080023c0   0x0000000a   Code   RO          748    i.tmr_counter_enable  at32f421_tmr.o
    0x080023ca   0x080023ca   0x00000042   Code   RO          773    i.tmr_output_channel_buffer_enable  at32f421_tmr.o
    0x0800240c   0x0800240c   0x000001a0   Code   RO          774    i.tmr_output_channel_config  at32f421_tmr.o
    0x080025ac   0x080025ac   0x00000042   Code   RO          775    i.tmr_output_channel_immediately_set  at32f421_tmr.o
    0x080025ee   0x080025ee   0x0000000a   Code   RO          781    i.tmr_output_enable  at32f421_tmr.o
    0x080025f8   0x080025f8   0x0000000a   Code   RO          784    i.tmr_period_buffer_enable  at32f421_tmr.o
    0x08002602   0x08002602   0x0000000a   Code   RO          787    i.tmr_primary_mode_select  at32f421_tmr.o
    0x0800260c   0x0800260c   0x0000000a   Code   RO          789    i.tmr_repetition_counter_set  at32f421_tmr.o
    0x08002616   0x08002616   0x0000000a   Code   RO          792    i.tmr_sub_sync_mode_set  at32f421_tmr.o
    0x08002620   0x08002620   0x0000000a   Code   RO         1278    i.usart_enable      at32f421_usart.o
    0x0800262a   0x0800262a   0x00000066   Code   RO         1281    i.usart_hardware_flow_control_set  at32f421_usart.o
    0x08002690   0x08002690   0x0000006c   Code   RO         1282    i.usart_init        at32f421_usart.o
    0x080026fc   0x080026fc   0x0000004c   Code   RO         1289    i.usart_parity_selection_config  at32f421_usart.o
    0x08002748   0x08002748   0x0000000a   Code   RO         1290    i.usart_receiver_enable  at32f421_usart.o
    0x08002752   0x08002752   0x0000000a   Code   RO         1298    i.usart_transmitter_enable  at32f421_usart.o
    0x0800275c   0x0800275c   0x000000f0   Code   RO          192    i.wk_gpio_config    at32f421_wk_config.o
    0x0800284c   0x0800284c   0x000000fc   Code   RO          193    i.wk_nvic_config    at32f421_wk_config.o
    0x08002948   0x08002948   0x0000005c   Code   RO          194    i.wk_periph_clock_config  at32f421_wk_config.o
    0x080029a4   0x080029a4   0x00000090   Code   RO          195    i.wk_system_clock_config  at32f421_wk_config.o
    0x08002a34   0x08002a34   0x000000f0   Code   RO          196    i.wk_tmr16_init     at32f421_wk_config.o
    0x08002b24   0x08002b24   0x0000004c   Code   RO          197    i.wk_tmr1_init      at32f421_wk_config.o
    0x08002b70   0x08002b70   0x0000022c   Code   RO          198    i.wk_tmr3_init      at32f421_wk_config.o
    0x08002d9c   0x08002d9c   0x000000d8   Code   RO          199    i.wk_usart1_init    at32f421_wk_config.o
    0x08002e74   0x08002e74   0x000000a8   Code   RO          200    i.wk_usart2_init    at32f421_wk_config.o
    0x08002f1c   0x08002f1c   0x00000062   Code   RO         3365    x$fpl$d2f           fz_ws.l(d2f.o)
    0x08002f7e   0x08002f7e   0x00000002   PAD
    0x08002f80   0x08002f80   0x000002b0   Code   RO         3368    x$fpl$ddiv          fz_ws.l(ddiv.o)
    0x08003230   0x08003230   0x00000154   Code   RO         3377    x$fpl$dmul          fz_ws.l(dmul.o)
    0x08003384   0x08003384   0x0000009c   Code   RO         3458    x$fpl$dnaninf       fz_ws.l(dnaninf.o)
    0x08003420   0x08003420   0x0000000c   Code   RO         3460    x$fpl$dretinf       fz_ws.l(dretinf.o)
    0x0800342c   0x0800342c   0x00000056   Code   RO         3379    x$fpl$f2d           fz_ws.l(f2d.o)
    0x08003482   0x08003482   0x00000002   PAD
    0x08003484   0x08003484   0x00000030   Code   RO         3392    x$fpl$fflt          fz_ws.l(fflt_clz.o)
    0x080034b4   0x080034b4   0x0000008c   Code   RO         3464    x$fpl$fnaninf       fz_ws.l(fnaninf.o)
    0x08003540   0x08003540   0x0000000a   Code   RO         3466    x$fpl$fretinf       fz_ws.l(fretinf.o)
    0x0800354a   0x0800354a   0x00000000   Code   RO         3470    x$fpl$usenofp       fz_ws.l(usenofp.o)
    0x0800354a   0x0800354a   0x00000028   Data   RO          558    .constdata          at32f421_crm.o
    0x08003572   0x08003572   0x00000010   Data   RO         1964    .constdata          system_at32f421.o
    0x08003582   0x08003582   0x00000002   PAD
    0x08003584   0x08003584   0x0000000d   Data   RO         3008    .conststring        bambubus.o
    0x08003591   0x08003591   0x00000003   PAD
    0x08003594   0x08003594   0x00000020   Data   RO         3708    Region$$Table       anon$$obj.o
    0x080035b4   0x080035b4   0x00000004   Data   RO         2760    .init_array         amcu.o
    0x080035b8   0x080035b4   0x00000004   Data   RO         3010    .init_array         bambubus.o
    0x080035bc   0x080035b4   0x00000000   Data   RO         3357    .init_array         c_w.l(init_aeabi.o)


    Execution Region RW_IRAM1 (Exec base: 0x20000000, Load base: 0x080035bc, Size: 0x000019d8, Max: 0x00004000, ABSOLUTE, COMPRESSED[0x000000fc])

    Exec Addr    Load Addr    Size         Type   Attr      Idx    E Section Name        Object

    0x20000000   COMPRESSED   0x00000008   Data   RW          405    .data               delay.o
    0x20000008   COMPRESSED   0x00000004   Data   RW         1965    .data               system_at32f421.o
    0x2000000c   COMPRESSED   0x00000004   PAD
    0x20000010   COMPRESSED   0x00000038   Data   RW         2759    .data               amcu.o
    0x20000048   COMPRESSED   0x00000290   Data   RW         3009    .data               bambubus.o
    0x200002d8   COMPRESSED   0x0000000c   Data   RW         3253    .data               time64.o
    0x200002e4        -       0x00000118   Zero   RW         2758    .bss                amcu.o
    0x200003fc        -       0x00000f79   Zero   RW         3007    .bss                bambubus.o
    0x20001375   COMPRESSED   0x00000003   PAD
    0x20001378        -       0x00000060   Zero   RW         3523    .bss                c_w.l(libspace.o)
    0x200013d8        -       0x00000200   Zero   RW         1997    HEAP                startup_at32f421.o
    0x200015d8        -       0x00000400   Zero   RW         1996    STACK               startup_at32f421.o


==============================================================================

Image component sizes


      Code (inc. data)   RO Data    RW Data    ZI Data      Debug   Object Name

       712         84          4         56        280      18788   amcu.o
       292          0          0          0          0       8764   as5600.o
      1192        154         40          0          0       7965   at32f421_crm.o
       240          0          0          0          0       4214   at32f421_gpio.o
        38          0          0          0          0      45557   at32f421_int.o
       280         18          0          0          0      32624   at32f421_misc.o
       756          0          0          0          0       9211   at32f421_tmr.o
       316          6          0          0          0       4265   at32f421_usart.o
      2104         74          0          0          0      37191   at32f421_wk_config.o
      3080        210         17        656       3961      22826   bambubus.o
       192          0          0          0          0       5592   crc16.o
       182          0          0          0          0       5940   crc8.o
       110          0          0          0          0       1163   crcfastreverse.o
       132         22          0          8          0       1520   delay.o
        60          0          0          0          0       1071   main.o
       610         30          0          0          0       7043   myiic.o
        64         26        204          0       1536        792   startup_at32f421.o
       448         36         16          4          0       2348   system_at32f421.o
        56         10          0         12          0        865   time64.o
         4          0          0          0          0        945   usb_debug.o

    ----------------------------------------------------------------------
     10886        670        318        740       5780     218684   Object Totals
         0          0         32          0          0          0   (incl. Generated)
        18          0          5          4          3          0   (incl. Padding)

    ----------------------------------------------------------------------

      Code (inc. data)   RO Data    RW Data    ZI Data      Debug   Library Member Name

        90          0          0          0          0          0   __dczerorl2.o
         8          0          0          0          0         68   __main.o
         0          0          0          0          0          0   __rtentry.o
        12          0          0          0          0          0   __rtentry2.o
         6          0          0          0          0          0   __rtentry4.o
        52          8          0          0          0          0   __scatter.o
        28          0          0          0          0          0   __scatter_zi.o
        18          0          0          0          0         80   exit.o
         6          0          0          0          0        152   heapauxi.o
         0          0          0          0          0          0   indicate_semi.o
        36         10          0          0          0         80   init_aeabi.o
         2          0          0          0          0          0   libinit.o
         6          0          0          0          0          0   libinit2.o
         2          0          0          0          0          0   libshutdown.o
         2          0          0          0          0          0   libshutdown2.o
         8          4          0          0         96         68   libspace.o
       238          0          0          0          0        100   lludivv7m.o
        78          0          0          0          0         80   rt_memclr_w.o
       138          0          0          0          0         68   rt_memcpy_v6.o
       100          0          0          0          0         80   rt_memcpy_w.o
         2          0          0          0          0          0   rtexit.o
        10          0          0          0          0          0   rtexit2.o
        12          4          0          0          0         68   sys_exit.o
        74          0          0          0          0         80   sys_stackheap_outer.o
         2          0          0          0          0         68   use_no_semi.o
        36          0          0          0          0         84   aeabi_vec_ctor_nocookie_nodtor.o
        98          4          0          0          0         92   d2f.o
       688        140          0          0          0        208   ddiv.o
       340         12          0          0          0        104   dmul.o
       156          4          0          0          0         92   dnaninf.o
        12          0          0          0          0         68   dretinf.o
        86          4          0          0          0         84   f2d.o
        48          0          0          0          0         68   fflt_clz.o
       140          4          0          0          0         84   fnaninf.o
        10          0          0          0          0         68   fretinf.o
         0          0          0          0          0          0   usenofp.o

    ----------------------------------------------------------------------
      2552        194          0          0         96       1944   Library Totals
         8          0          0          0          0          0   (incl. Padding)

    ----------------------------------------------------------------------

      Code (inc. data)   RO Data    RW Data    ZI Data      Debug   Library Name

       930         26          0          0         96        992   c_w.l
        36          0          0          0          0         84   cpprt_w.l
      1578        168          0          0          0        868   fz_ws.l

    ----------------------------------------------------------------------
      2552        194          0          0         96       1944   Library Totals

    ----------------------------------------------------------------------

==============================================================================


      Code (inc. data)   RO Data    RW Data    ZI Data      Debug   

     13438        864        318        740       5876     212304   Grand Totals
     13438        864        318        252       5876     212304   ELF Image Totals (compressed)
     13438        864        318        252          0          0   ROM Totals

==============================================================================

    Total RO  Size (Code + RO Data)                13756 (  13.43kB)
    Total RW  Size (RW Data + ZI Data)              6616 (   6.46kB)
    Total ROM Size (Code + RO Data + RW Data)      14008 (  13.68kB)

==============================================================================

